Archive member included to satisfy reference by file (symbol)

d:/mounriver_studio/toolchain/risc-v embedded gcc12/bin/../lib/gcc/riscv-none-elf/12.2.0/rv32imac_xw/ilp32\libgcc.a(divdf3.o)
                              ./bldc_hardware/pwm_input.o (__divdf3)
d:/mounriver_studio/toolchain/risc-v embedded gcc12/bin/../lib/gcc/riscv-none-elf/12.2.0/rv32imac_xw/ilp32\libgcc.a(muldf3.o)
                              ./bldc_hardware/pwm_input.o (__muldf3)
d:/mounriver_studio/toolchain/risc-v embedded gcc12/bin/../lib/gcc/riscv-none-elf/12.2.0/rv32imac_xw/ilp32\libgcc.a(fixunsdfsi.o)
                              ./addition_hardware/battery.o (__fixunsdfsi)
d:/mounriver_studio/toolchain/risc-v embedded gcc12/bin/../lib/gcc/riscv-none-elf/12.2.0/rv32imac_xw/ilp32\libgcc.a(floatunsidf.o)
                              ./bldc_hardware/pwm_input.o (__floatunsidf)
d:/mounriver_studio/toolchain/risc-v embedded gcc12/bin/../lib/gcc/riscv-none-elf/12.2.0/rv32imac_xw/ilp32\libgcc.a(addsf3.o)
                              ./bldc_software/control.o (__addsf3)
d:/mounriver_studio/toolchain/risc-v embedded gcc12/bin/../lib/gcc/riscv-none-elf/12.2.0/rv32imac_xw/ilp32\libgcc.a(divsf3.o)
                              ./user/ch32v20x_it.o (__divsf3)
d:/mounriver_studio/toolchain/risc-v embedded gcc12/bin/../lib/gcc/riscv-none-elf/12.2.0/rv32imac_xw/ilp32\libgcc.a(gesf2.o)
                              ./user/ch32v20x_it.o (__gesf2)
d:/mounriver_studio/toolchain/risc-v embedded gcc12/bin/../lib/gcc/riscv-none-elf/12.2.0/rv32imac_xw/ilp32\libgcc.a(lesf2.o)
                              ./user/ch32v20x_it.o (__lesf2)
d:/mounriver_studio/toolchain/risc-v embedded gcc12/bin/../lib/gcc/riscv-none-elf/12.2.0/rv32imac_xw/ilp32\libgcc.a(mulsf3.o)
                              ./bldc_software/control.o (__mulsf3)
d:/mounriver_studio/toolchain/risc-v embedded gcc12/bin/../lib/gcc/riscv-none-elf/12.2.0/rv32imac_xw/ilp32\libgcc.a(subsf3.o)
                              ./bldc_software/control.o (__subsf3)
d:/mounriver_studio/toolchain/risc-v embedded gcc12/bin/../lib/gcc/riscv-none-elf/12.2.0/rv32imac_xw/ilp32\libgcc.a(fixsfsi.o)
                              ./user/ch32v20x_it.o (__fixsfsi)
d:/mounriver_studio/toolchain/risc-v embedded gcc12/bin/../lib/gcc/riscv-none-elf/12.2.0/rv32imac_xw/ilp32\libgcc.a(floatsisf.o)
                              ./user/main.o (__floatsisf)
d:/mounriver_studio/toolchain/risc-v embedded gcc12/bin/../lib/gcc/riscv-none-elf/12.2.0/rv32imac_xw/ilp32\libgcc.a(floatunsisf.o)
                              ./user/ch32v20x_it.o (__floatunsisf)
d:/mounriver_studio/toolchain/risc-v embedded gcc12/bin/../lib/gcc/riscv-none-elf/12.2.0/rv32imac_xw/ilp32\libgcc.a(extendsfdf2.o)
                              ./addition_hardware/battery.o (__extendsfdf2)
d:/mounriver_studio/toolchain/risc-v embedded gcc12/bin/../lib/gcc/riscv-none-elf/12.2.0/rv32imac_xw/ilp32\libgcc.a(truncdfsf2.o)
                              ./bldc_software/control.o (__truncdfsf2)
d:/mounriver_studio/toolchain/risc-v embedded gcc12/bin/../lib/gcc/riscv-none-elf/12.2.0/rv32imac_xw/ilp32\libgcc.a(save-restore.o)
                              ./bldc_software/motor.o (__riscv_save_8)
d:/mounriver_studio/toolchain/risc-v embedded gcc12/bin/../lib/gcc/riscv-none-elf/12.2.0/rv32imac_xw/ilp32\libgcc.a(_clzsi2.o)
                              d:/mounriver_studio/toolchain/risc-v embedded gcc12/bin/../lib/gcc/riscv-none-elf/12.2.0/rv32imac_xw/ilp32\libgcc.a(divdf3.o) (__clzsi2)
d:/mounriver_studio/toolchain/risc-v embedded gcc12/bin/../lib/gcc/riscv-none-elf/12.2.0/rv32imac_xw/ilp32\libgcc.a(_clz.o)
                              d:/mounriver_studio/toolchain/risc-v embedded gcc12/bin/../lib/gcc/riscv-none-elf/12.2.0/rv32imac_xw/ilp32\libgcc.a(_clzsi2.o) (__clz_tab)
d:/mounriver_studio/toolchain/risc-v embedded gcc12/bin/../lib/gcc/riscv-none-elf/12.2.0/../../../../riscv-none-elf/lib/rv32imac_xw/ilp32\libg_nano.a(lib_a-memset.o)
                              ./user/main.o (memset)
d:/mounriver_studio/toolchain/risc-v embedded gcc12/bin/../lib/gcc/riscv-none-elf/12.2.0/../../../../riscv-none-elf/lib/rv32imac_xw/ilp32\libg_nano.a(lib_a-printf.o)
                              ./user/ch32v20x_it.o (printf)
d:/mounriver_studio/toolchain/risc-v embedded gcc12/bin/../lib/gcc/riscv-none-elf/12.2.0/../../../../riscv-none-elf/lib/rv32imac_xw/ilp32\libg_nano.a(lib_a-puts.o)
                              ./user/ch32v20x_it.o (puts)
d:/mounriver_studio/toolchain/risc-v embedded gcc12/bin/../lib/gcc/riscv-none-elf/12.2.0/../../../../riscv-none-elf/lib/rv32imac_xw/ilp32\libg_nano.a(lib_a-rand.o)
                              ./bldc_software/control.o (srand)
d:/mounriver_studio/toolchain/risc-v embedded gcc12/bin/../lib/gcc/riscv-none-elf/12.2.0/../../../../riscv-none-elf/lib/rv32imac_xw/ilp32\libg_nano.a(lib_a-wbuf.o)
[...]
Memory Configuration

Name             Origin             Length             Attributes
FLASH            0x0000000000000000 0x0000000000010000 xr
RAM              0x0000000020000000 0x0000000000005000 xrw
*default*        0x0000000000000000 0xffffffffffffffff

Linker script and memory map

LOAD ./wch_sdk/Startup/startup_ch32v20x_D6.o
LOAD ./wch_sdk/Peripheral/src/ch32v20x_adc.o
LOAD ./wch_sdk/Peripheral/src/ch32v20x_bkp.o
LOAD ./wch_sdk/Peripheral/src/ch32v20x_can.o
LOAD ./wch_sdk/Peripheral/src/ch32v20x_crc.o
LOAD ./wch_sdk/Peripheral/src/ch32v20x_dbgmcu.o
LOAD ./wch_sdk/Peripheral/src/ch32v20x_dma.o
LOAD ./wch_sdk/Peripheral/src/ch32v20x_exti.o
LOAD ./wch_sdk/Peripheral/src/ch32v20x_flash.o
LOAD ./wch_sdk/Peripheral/src/ch32v20x_gpio.o
LOAD ./wch_sdk/Peripheral/src/ch32v20x_i2c.o
LOAD ./wch_sdk/Peripheral/src/ch32v20x_iwdg.o
LOAD ./wch_sdk/Peripheral/src/ch32v20x_misc.o
LOAD ./wch_sdk/Peripheral/src/ch32v20x_opa.o
LOAD ./wch_sdk/Peripheral/src/ch32v20x_pwr.o
LOAD ./wch_sdk/Peripheral/src/ch32v20x_rcc.o
LOAD ./wch_sdk/Peripheral/src/ch32v20x_rtc.o
LOAD ./wch_sdk/Peripheral/src/ch32v20x_spi.o
LOAD ./wch_sdk/Peripheral/src/ch32v20x_tim.o
LOAD ./wch_sdk/Peripheral/src/ch32v20x_usart.o
LOAD ./wch_sdk/Peripheral/src/ch32v20x_wwdg.o
LOAD ./wch_sdk/Debug/debug.o
LOAD ./wch_sdk/Core/core_riscv.o
LOAD ./user/ch32v20x_it.o
LOAD ./user/main.o
LOAD ./user/system_ch32v20x.o
LOAD ./bldc_software/control.o
LOAD ./bldc_software/motor.o
LOAD ./bldc_hardware/operational_amplifier.o
LOAD ./bldc_hardware/pwm_input.o
LOAD ./bldc_hardware/pwm_output.o
LOAD ./addition_software/seekfree_assistant.o
LOAD ./addition_software/seekfree_assistant_interface.o
LOAD ./addition_hardware/battery.o
LOAD ./addition_hardware/delay.o
LOAD ./addition_hardware/iwdg.o
LOAD ./addition_hardware/led.o
LOAD ./addition_hardware/usart.o
LOAD d:/mounriver_studio/toolchain/risc-v embedded gcc12/bin/../lib/gcc/riscv-none-elf/12.2.0/rv32imac_xw/ilp32\libgcc.a
LOAD d:/mounriver_studio/toolchain/risc-v embedded gcc12/bin/../lib/gcc/riscv-none-elf/12.2.0/../../../../riscv-none-elf/lib/rv32imac_xw/ilp32\libg_nano.a
LOAD d:/mounriver_studio/toolchain/risc-v embedded gcc12/bin/../lib/gcc/riscv-none-elf/12.2.0/../../../../riscv-none-elf/lib/rv32imac_xw/ilp32\libc_nano.a
LOAD d:/mounriver_studio/toolchain/risc-v embedded gcc12/bin/../lib/gcc/riscv-none-elf/12.2.0/rv32imac_xw/ilp32\libgcc.a
START GROUP
LOAD d:/mounriver_studio/toolchain/risc-v embedded gcc12/bin/../lib/gcc/riscv-none-elf/12.2.0/rv32imac_xw/ilp32\libgcc.a
LOAD d:/mounriver_studio/toolchain/risc-v embedded gcc12/bin/../lib/gcc/riscv-none-elf/12.2.0/../../../../riscv-none-elf/lib/rv32imac_xw/ilp32\libc_nano.a
LOAD d:/mounriver_studio/toolchain/risc-v embedded gcc12/bin/../lib/gcc/riscv-none-elf/12.2.0/../../../../riscv-none-elf/lib/rv32imac_xw/ilp32\libnosys.a
END GROUP
START GROUP
LOAD d:/mounriver_studio/toolchain/risc-v embedded gcc12/bin/../lib/gcc/riscv-none-elf/12.2.0/rv32imac_xw/ilp32\libgcc.a
LOAD d:/mounriver_studio/toolchain/risc-v embedded gcc12/bin/../lib/gcc/riscv-none-elf/12.2.0/../../../../riscv-none-elf/lib/rv32imac_xw/ilp32\libc_nano.a
LOAD d:/mounriver_studio/toolchain/risc-v embedded gcc12/bin/../lib/gcc/riscv-none-elf/12.2.0/../../../../riscv-none-elf/lib/rv32imac_xw/ilp32\libnosys.a
END GROUP
                0x0000000000000800                __stack_size = 0x800
                [!provide]                        PROVIDE (_stack_size = __stack_size)

.init           0x0000000000000000       0x38
                0x0000000000000000                _sinit = .
                0x0000000000000000                . = ALIGN (0x4)
 *(SORT_NONE(.init))
 .init          0x0000000000000000       0x38 ./wch_sdk/Startup/startup_ch32v20x_D6.o
                0x0000000000000000                _start
                0x0000000000000038                . = ALIGN (0x4)
                0x0000000000000038                _einit = .

.vector         0x0000000000000038      0x108
 *(.vector)
 .vector        0x0000000000000038       0xfc ./wch_sdk/Startup/startup_ch32v20x_D6.o
                0x0000000000000140                . = ALIGN (0x40)
 *fill*         0x0000000000000134        0xc 

.text           0x0000000000000140     0x62fc
                0x0000000000000140                . = ALIGN (0x4)
 *(.text)
 .text          0x0000000000000140       0x60 d:/mounriver_studio/toolchain/risc-v embedded gcc12/bin/../lib/gcc/riscv-none-elf/12.2.0/rv32imac_xw/ilp32\libgcc.a(save-restore.o)
                0x0000000000000140                __riscv_save_12
                0x0000000000000148                __riscv_save_9
                0x0000000000000148                __riscv_save_11
                0x0000000000000148                __riscv_save_10
                0x0000000000000148                __riscv_save_8
                0x0000000000000156                __riscv_save_4
                0x0000000000000156                __riscv_save_6
                0x0000000000000156                __riscv_save_5
                0x0000000000000156                __riscv_save_7
                0x0000000000000170                __riscv_save_3
                0x0000000000000170                __riscv_save_2
                0x0000000000000170                __riscv_save_1
                0x0000000000000170                __riscv_save_0
                0x000000000000017c                __riscv_restore_12
                0x0000000000000180                __riscv_restore_11
                0x0000000000000180                __riscv_restore_9
                0x0000000000000180                __riscv_restore_10
                0x0000000000000180                __riscv_restore_8
                0x000000000000018a                __riscv_restore_5
                0x000000000000018a                __riscv_restore_7
                0x000000000000018a                __riscv_restore_6
                0x000000000000018a                __riscv_restore_4
                0x0000000000000194                __riscv_restore_3
                0x0000000000000194                __riscv_restore_0
                0x0000000000000194                __riscv_restore_2
                0x0000000000000194                __riscv_restore_1
 .text          0x00000000000001a0       0x10 d:/mounriver_studio/toolchain/risc-v embedded gcc12/bin/../lib/gcc/riscv-none-elf/12.2.0/../../../../riscv-none-elf/lib/rv32imac_xw/ilp32\libg_nano.a(lib_a-memset.o)
                0x00000000000001a0                memset
 *(.text.*)
 .text.vector_handler
                0x00000000000001b0       0x6c ./wch_sdk/Startup/startup_ch32v20x_D6.o
                0x00000000000001b4                Ecall_M_Mode_Handler
                0x00000000000001b6                Ecall_U_Mode_Handler
                0x00000000000001b8                Break_Point_Handler
                0x00000000000001bc                SW_Handler
                0x00000000000001be                WWDG_IRQHandler
                0x00000000000001c0                PVD_IRQHandler
                0x00000000000001c2                TAMPER_IRQHandler
                0x00000000000001c4                RTC_IRQHandler
                0x00000000000001c6                FLASH_IRQHandler
                0x00000000000001c8                RCC_IRQHandler
                0x00000000000001ca                EXTI0_IRQHandler
                0x00000000000001cc                EXTI1_IRQHandler
                0x00000000000001d0                EXTI3_IRQHandler
                0x00000000000001d2                EXTI4_IRQHandler
                0x00000000000001d4                DMA1_Channel1_IRQHandler
                0x00000000000001d6                DMA1_Channel2_IRQHandler
                0x00000000000001d8                DMA1_Channel3_IRQHandler
                0x00000000000001da                DMA1_Channel4_IRQHandler
                0x00000000000001dc                DMA1_Channel5_IRQHandler
                0x00000000000001de                DMA1_Channel6_IRQHandler
                0x00000000000001e0                DMA1_Channel7_IRQHandler
                0x00000000000001e2                ADC1_2_IRQHandler
                0x00000000000001e4                USB_HP_CAN1_TX_IRQHandler
                0x00000000000001e6                USB_LP_CAN1_RX0_IRQHandler
                0x00000000000001e8                CAN1_RX1_IRQHandler
                0x00000000000001ea                CAN1_SCE_IRQHandler
                0x00000000000001ec                EXTI9_5_IRQHandler
                0x00000000000001ee                TIM1_BRK_IRQHandler
                0x00000000000001f0                TIM1_UP_IRQHandler
                0x00000000000001f2                TIM1_TRG_COM_IRQHandler
                0x00000000000001f4                TIM1_CC_IRQHandler
                0x00000000000001fc                I2C1_EV_IRQHandler
                0x00000000000001fe                I2C1_ER_IRQHandler
                0x0000000000000200                I2C2_EV_IRQHandler
                0x0000000000000202                I2C2_ER_IRQHandler
                0x0000000000000204                SPI1_IRQHandler
                0x0000000000000206                SPI2_IRQHandler
                0x0000000000000208                USART1_IRQHandler
                0x000000000000020a                USART2_IRQHandler
                0x000000000000020c                USART3_IRQHandler
                0x000000000000020e                EXTI15_10_IRQHandler
                0x0000000000000210                RTCAlarm_IRQHandler
                0x0000000000000212                USBWakeUp_IRQHandler
                0x0000000000000214                USBHD_IRQHandler
                0x0000000000000216                USBHDWakeUp_IRQHandler
                0x0000000000000218                UART4_IRQHandler
                0x000000000000021a                DMA1_Channel8_IRQHandler
 .text.handle_reset
                0x000000000000021c       0x86 ./wch_sdk/Startup/startup_ch32v20x_D6.o
                0x000000000000021c                handle_reset
 .text.ADC_DeInit
                0x00000000000002a2       0x3e ./wch_sdk/Peripheral/src/ch32v20x_adc.o
                0x00000000000002a2                ADC_DeInit
 .text.ADC_Init
                0x00000000000002e0       0x56 ./wch_sdk/Peripheral/src/ch32v20x_adc.o
                0x00000000000002e0                ADC_Init
 .text.ADC_Cmd  0x0000000000000336       0x10 ./wch_sdk/Peripheral/src/ch32v20x_adc.o
                0x0000000000000336                ADC_Cmd
 .text.ADC_DMACmd
                0x0000000000000346       0x12 ./wch_sdk/Peripheral/src/ch32v20x_adc.o
                0x0000000000000346                ADC_DMACmd
 .text.ADC_ResetCalibration
                0x0000000000000358        0xa ./wch_sdk/Peripheral/src/ch32v20x_adc.o
                0x0000000000000358                ADC_ResetCalibration
 .text.ADC_GetResetCalibrationStatus
                0x0000000000000362        0x8 ./wch_sdk/Peripheral/src/ch32v20x_adc.o
                0x0000000000000362                ADC_GetResetCalibrationStatus
 .text.ADC_StartCalibration
                0x000000000000036a        0xa ./wch_sdk/Peripheral/src/ch32v20x_adc.o
                0x000000000000036a                ADC_StartCalibration
 .text.ADC_GetCalibrationStatus
                0x0000000000000374        0x8 ./wch_sdk/Peripheral/src/ch32v20x_adc.o
                0x0000000000000374                ADC_GetCalibrationStatus
 .text.ADC_SoftwareStartConvCmd
                0x000000000000037c       0x18 ./wch_sdk/Peripheral/src/ch32v20x_adc.o
                0x000000000000037c                ADC_SoftwareStartConvCmd
 .text.ADC_RegularChannelConfig
                0x0000000000000394       0xb8 ./wch_sdk/Peripheral/src/ch32v20x_adc.o
                0x0000000000000394                ADC_RegularChannelConfig
 .text.DMA_DeInit
                0x000000000000044c       0x9c ./wch_sdk/Peripheral/src/ch32v20x_dma.o
                0x000000000000044c                DMA_DeInit
 .text.DMA_Init
                0x00000000000004e8       0x38 ./wch_sdk/Peripheral/src/ch32v20x_dma.o
                0x00000000000004e8                DMA_Init
 .text.DMA_Cmd  0x0000000000000520       0x14 ./wch_sdk/Peripheral/src/ch32v20x_dma.o
                0x0000000000000520                DMA_Cmd
 .text.EXTI_Init
                0x0000000000000534       0x62 ./wch_sdk/Peripheral/src/ch32v20x_exti.o
                0x0000000000000534                EXTI_Init
 .text.EXTI_ClearITPendingBit
                0x0000000000000596        0xc ./wch_sdk/Peripheral/src/ch32v20x_exti.o
                0x0000000000000596                EXTI_ClearITPendingBit
 .text.GPIO_Init
                0x00000000000005a2       0xee ./wch_sdk/Peripheral/src/ch32v20x_gpio.o
                0x00000000000005a2                GPIO_Init
 .text.GPIO_PinRemapConfig
                0x0000000000000690      0x112 ./wch_sdk/Peripheral/src/ch32v20x_gpio.o
                0x0000000000000690                GPIO_PinRemapConfig
 .text.GPIO_EXTILineConfig
                0x00000000000007a2       0x2c ./wch_sdk/Peripheral/src/ch32v20x_gpio.o
                0x00000000000007a2                GPIO_EXTILineConfig
 .text.IWDG_WriteAccessCmd
                0x00000000000007ce        0x8 ./wch_sdk/Peripheral/src/ch32v20x_iwdg.o
                0x00000000000007ce                IWDG_WriteAccessCmd
 .text.IWDG_SetPrescaler
                0x00000000000007d6        0x8 ./wch_sdk/Peripheral/src/ch32v20x_iwdg.o
                0x00000000000007d6                IWDG_SetPrescaler
 .text.IWDG_SetReload
                0x00000000000007de        0x8 ./wch_sdk/Peripheral/src/ch32v20x_iwdg.o
                0x00000000000007de                IWDG_SetReload
 .text.IWDG_ReloadCounter
                0x00000000000007e6        0xe ./wch_sdk/Peripheral/src/ch32v20x_iwdg.o
                0x00000000000007e6                IWDG_ReloadCounter
 .text.IWDG_Enable
                0x00000000000007f4        0xe ./wch_sdk/Peripheral/src/ch32v20x_iwdg.o
                0x00000000000007f4                IWDG_Enable
 .text.RCC_ADCCLKConfig
                0x0000000000000802       0x12 ./wch_sdk/Peripheral/src/ch32v20x_rcc.o
                0x0000000000000802                RCC_ADCCLKConfig
 .text.RCC_GetClocksFreq
                0x0000000000000814       0xb8 ./wch_sdk/Peripheral/src/ch32v20x_rcc.o
                0x0000000000000814                RCC_GetClocksFreq
 .text.RCC_AHBPeriphClockCmd
                0x00000000000008cc       0x1e ./wch_sdk/Peripheral/src/ch32v20x_rcc.o
                0x00000000000008cc                RCC_AHBPeriphClockCmd
 .text.RCC_APB2PeriphClockCmd
                0x00000000000008ea       0x1e ./wch_sdk/Peripheral/src/ch32v20x_rcc.o
                0x00000000000008ea                RCC_APB2PeriphClockCmd
 .text.RCC_APB1PeriphClockCmd
                0x0000000000000908       0x1e ./wch_sdk/Peripheral/src/ch32v20x_rcc.o
                0x0000000000000908                RCC_APB1PeriphClockCmd
 .text.RCC_APB2PeriphResetCmd
                0x0000000000000926       0x1e ./wch_sdk/Peripheral/src/ch32v20x_rcc.o
                0x0000000000000926                RCC_APB2PeriphResetCmd
 .text.RCC_APB1PeriphResetCmd
                0x0000000000000944       0x1e ./wch_sdk/Peripheral/src/ch32v20x_rcc.o
                0x0000000000000944                RCC_APB1PeriphResetCmd
 .text.TI1_Config
                0x0000000000000962       0x6a ./wch_sdk/Peripheral/src/ch32v20x_tim.o
 .text.TI2_Config
                0x00000000000009cc       0x84 ./wch_sdk/Peripheral/src/ch32v20x_tim.o
 .text.TIM_DeInit
                0x0000000000000a50       0x7c ./wch_sdk/Peripheral/src/ch32v20x_tim.o
                0x0000000000000a50                TIM_DeInit
 .text.TIM_TimeBaseInit
                0x0000000000000acc       0x6a ./wch_sdk/Peripheral/src/ch32v20x_tim.o
                0x0000000000000acc                TIM_TimeBaseInit
 .text.TIM_OC1Init
                0x0000000000000b36       0x6a ./wch_sdk/Peripheral/src/ch32v20x_tim.o
                0x0000000000000b36                TIM_OC1Init
 .text.TIM_OC2Init
                0x0000000000000ba0       0x94 ./wch_sdk/Peripheral/src/ch32v20x_tim.o
                0x0000000000000ba0                TIM_OC2Init
 .text.TIM_OC3Init
                0x0000000000000c34       0x92 ./wch_sdk/Peripheral/src/ch32v20x_tim.o
                0x0000000000000c34                TIM_OC3Init
 .text.TIM_OC4Init
                0x0000000000000cc6       0x68 ./wch_sdk/Peripheral/src/ch32v20x_tim.o
                0x0000000000000cc6                TIM_OC4Init
 .text.TIM_BDTRConfig
                0x0000000000000d2e       0x20 ./wch_sdk/Peripheral/src/ch32v20x_tim.o
                0x0000000000000d2e                TIM_BDTRConfig
 .text.TIM_TimeBaseStructInit
                0x0000000000000d4e       0x16 ./wch_sdk/Peripheral/src/ch32v20x_tim.o
                0x0000000000000d4e                TIM_TimeBaseStructInit
 .text.TIM_OCStructInit
                0x0000000000000d64       0x22 ./wch_sdk/Peripheral/src/ch32v20x_tim.o
                0x0000000000000d64                TIM_OCStructInit
 .text.TIM_ICStructInit
                0x0000000000000d86       0x16 ./wch_sdk/Peripheral/src/ch32v20x_tim.o
                0x0000000000000d86                TIM_ICStructInit
 .text.TIM_BDTRStructInit
                0x0000000000000d9c       0x1e ./wch_sdk/Peripheral/src/ch32v20x_tim.o
                0x0000000000000d9c                TIM_BDTRStructInit
 .text.TIM_Cmd  0x0000000000000dba       0x18 ./wch_sdk/Peripheral/src/ch32v20x_tim.o
                0x0000000000000dba                TIM_Cmd
 .text.TIM_CtrlPWMOutputs
                0x0000000000000dd2       0x16 ./wch_sdk/Peripheral/src/ch32v20x_tim.o
                0x0000000000000dd2                TIM_CtrlPWMOutputs
 .text.TIM_ITConfig
                0x0000000000000de8       0x12 ./wch_sdk/Peripheral/src/ch32v20x_tim.o
                0x0000000000000de8                TIM_ITConfig
 .text.TIM_GenerateEvent
                0x0000000000000dfa        0x4 ./wch_sdk/Peripheral/src/ch32v20x_tim.o
                0x0000000000000dfa                TIM_GenerateEvent
 .text.TIM_SelectInputTrigger
                0x0000000000000dfe       0x10 ./wch_sdk/Peripheral/src/ch32v20x_tim.o
                0x0000000000000dfe                TIM_SelectInputTrigger
 .text.TIM_ARRPreloadConfig
                0x0000000000000e0e       0x1a ./wch_sdk/Peripheral/src/ch32v20x_tim.o
                0x0000000000000e0e                TIM_ARRPreloadConfig
 .text.TIM_OC1PreloadConfig
                0x0000000000000e28        0xe ./wch_sdk/Peripheral/src/ch32v20x_tim.o
                0x0000000000000e28                TIM_OC1PreloadConfig
 .text.TIM_OC2PreloadConfig
                0x0000000000000e36       0x16 ./wch_sdk/Peripheral/src/ch32v20x_tim.o
                0x0000000000000e36                TIM_OC2PreloadConfig
 .text.TIM_OC3PreloadConfig
                0x0000000000000e4c        0xe ./wch_sdk/Peripheral/src/ch32v20x_tim.o
                0x0000000000000e4c                TIM_OC3PreloadConfig
 .text.TIM_OC1FastConfig
                0x0000000000000e5a        0xe ./wch_sdk/Peripheral/src/ch32v20x_tim.o
                0x0000000000000e5a                TIM_OC1FastConfig
 .text.TIM_OC2FastConfig
                0x0000000000000e68       0x16 ./wch_sdk/Peripheral/src/ch32v20x_tim.o
                0x0000000000000e68                TIM_OC2FastConfig
 .text.TIM_OC3FastConfig
                0x0000000000000e7e        0xe ./wch_sdk/Peripheral/src/ch32v20x_tim.o
                0x0000000000000e7e                TIM_OC3FastConfig
 .text.TIM_CCxCmd
                0x0000000000000e8c       0x1c ./wch_sdk/Peripheral/src/ch32v20x_tim.o
                0x0000000000000e8c                TIM_CCxCmd
 .text.TIM_CCxNCmd
                0x0000000000000ea8       0x1c ./wch_sdk/Peripheral/src/ch32v20x_tim.o
                0x0000000000000ea8                TIM_CCxNCmd
 .text.TIM_SelectSlaveMode
                0x0000000000000ec4       0x16 ./wch_sdk/Peripheral/src/ch32v20x_tim.o
                0x0000000000000ec4                TIM_SelectSlaveMode
 .text.TIM_SelectMasterSlaveMode
                0x0000000000000eda       0x18 ./wch_sdk/Peripheral/src/ch32v20x_tim.o
                0x0000000000000eda                TIM_SelectMasterSlaveMode
 .text.TIM_SetIC1Prescaler
                0x0000000000000ef2       0x16 ./wch_sdk/Peripheral/src/ch32v20x_tim.o
                0x0000000000000ef2                TIM_SetIC1Prescaler
 .text.TIM_SetIC2Prescaler
                0x0000000000000f08       0x1a ./wch_sdk/Peripheral/src/ch32v20x_tim.o
                0x0000000000000f08                TIM_SetIC2Prescaler
 .text.TIM_SetIC3Prescaler
                0x0000000000000f22       0x16 ./wch_sdk/Peripheral/src/ch32v20x_tim.o
                0x0000000000000f22                TIM_SetIC3Prescaler
 .text.TIM_SetIC4Prescaler
                0x0000000000000f38       0x1a ./wch_sdk/Peripheral/src/ch32v20x_tim.o
                0x0000000000000f38                TIM_SetIC4Prescaler
 .text.TIM_ICInit
                0x0000000000000f52      0x150 ./wch_sdk/Peripheral/src/ch32v20x_tim.o
                0x0000000000000f52                TIM_ICInit
 .text.TIM_GetCapture1
                0x00000000000010a2        0x4 ./wch_sdk/Peripheral/src/ch32v20x_tim.o
                0x00000000000010a2                TIM_GetCapture1
 .text.TIM_GetCapture2
                0x00000000000010a6        0x4 ./wch_sdk/Peripheral/src/ch32v20x_tim.o
                0x00000000000010a6                TIM_GetCapture2
 .text.TIM_GetITStatus
                0x00000000000010aa       0x18 ./wch_sdk/Peripheral/src/ch32v20x_tim.o
                0x00000000000010aa                TIM_GetITStatus
 .text.TIM_ClearITPendingBit
                0x00000000000010c2        0xc ./wch_sdk/Peripheral/src/ch32v20x_tim.o
                0x00000000000010c2                TIM_ClearITPendingBit
 .text.USART_Init
                0x00000000000010ce       0xb4 ./wch_sdk/Peripheral/src/ch32v20x_usart.o
                0x00000000000010ce                USART_Init
 .text.USART_Cmd
                0x0000000000001182       0x14 ./wch_sdk/Peripheral/src/ch32v20x_usart.o
                0x0000000000001182                USART_Cmd
 .text.USART_SendData
                0x0000000000001196        0x8 ./wch_sdk/Peripheral/src/ch32v20x_usart.o
                0x0000000000001196                USART_SendData
 .text.USART_GetFlagStatus
                0x000000000000119e        0xa ./wch_sdk/Peripheral/src/ch32v20x_usart.o
                0x000000000000119e                USART_GetFlagStatus
 .text._write   0x00000000000011a8       0x3a ./wch_sdk/Debug/debug.o
                0x00000000000011a8                _write
 .text._sbrk    0x00000000000011e2       0x2a ./wch_sdk/Debug/debug.o
                0x00000000000011e2                _sbrk
 .text.__get_MEPC
                0x000000000000120c        0x6 ./wch_sdk/Core/core_riscv.o
                0x000000000000120c                __get_MEPC
 .text.__get_MCAUSE
                0x0000000000001212        0x6 ./wch_sdk/Core/core_riscv.o
                0x0000000000001212                __get_MCAUSE
 .text.__get_MTVAL
                0x0000000000001218        0x6 ./wch_sdk/Core/core_riscv.o
                0x0000000000001218                __get_MTVAL
 .text.SysTick_Handler
                0x000000000000121e       0xc8 ./user/ch32v20x_it.o
                0x000000000000121e                SysTick_Handler
 .text.TIM2_IRQHandler
                0x00000000000012e6       0x30 ./user/ch32v20x_it.o
                0x00000000000012e6                TIM2_IRQHandler
 .text.TIM3_IRQHandler
                0x0000000000001316       0x12 ./user/ch32v20x_it.o
                0x0000000000001316                TIM3_IRQHandler
 .text.TIM4_IRQHandler
                0x0000000000001328       0x12 ./user/ch32v20x_it.o
                0x0000000000001328                TIM4_IRQHandler
 .text.EXTI2_IRQHandler
                0x000000000000133a       0x12 ./user/ch32v20x_it.o
                0x000000000000133a                EXTI2_IRQHandler
 .text.NMI_Handler
                0x000000000000134c        0x4 ./user/ch32v20x_it.o
                0x000000000000134c                NMI_Handler
 .text.HardFault_Handler
                0x0000000000001350       0x4a ./user/ch32v20x_it.o
                0x0000000000001350                HardFault_Handler
 .text.startup.main
                0x000000000000139a       0xd6 ./user/main.o
                0x000000000000139a                main
 .text.SystemInit
                0x0000000000001470       0xac ./user/system_ch32v20x.o
                0x0000000000001470                SystemInit
 .text.commutation_and_degauss_callback
                0x000000000000151c       0xb4 ./bldc_software/control.o
                0x000000000000151c                commutation_and_degauss_callback
 .text.commutation_time_out_callback
                0x00000000000015d0       0x34 ./bldc_software/control.o
                0x00000000000015d0                commutation_time_out_callback
 .text.opama_callback
                0x0000000000001604       0x5a ./bldc_software/control.o
                0x0000000000001604                opama_callback
 .text.pit_callback
                0x000000000000165e      0x2dc ./bldc_software/control.o
                0x000000000000165e                pit_callback
 .text.PID_Init
                0x000000000000193a       0x5e ./bldc_software/control.o
                0x000000000000193a                PID_Init
 .text.PID_Calculate
                0x0000000000001998       0xce ./bldc_software/control.o
                0x0000000000001998                PID_Calculate
 .text.pit_init
                0x0000000000001a66       0x42 ./bldc_software/control.o
                0x0000000000001a66                pit_init
 .text.advance_commutation_count_init
                0x0000000000001aa8       0x78 ./bldc_software/control.o
                0x0000000000001aa8                advance_commutation_count_init
 .text.commutation_time_count_init
                0x0000000000001b20       0x7a ./bldc_software/control.o
                0x0000000000001b20                commutation_time_count_init
 .text.set_vector_table_free
                0x0000000000001b9a       0x50 ./bldc_software/control.o
                0x0000000000001b9a                set_vector_table_free
 .text.motor_commutation_execute
                0x0000000000001bea       0x42 ./bldc_software/motor.o
                0x0000000000001bea                motor_commutation_execute
 .text.motor_start
                0x0000000000001c2c       0x32 ./bldc_software/motor.o
                0x0000000000001c2c                motor_start
 .text.motor_next_step
                0x0000000000001c5e       0xa4 ./bldc_software/motor.o
                0x0000000000001c5e                motor_next_step
 .text.motor_brake
                0x0000000000001d02       0x90 ./bldc_software/motor.o
                0x0000000000001d02                motor_brake
 .text.motor_stop
                0x0000000000001d92        0x2 ./bldc_software/motor.o
                0x0000000000001d92                motor_stop
 .text.motor_power_on_beep
                0x0000000000001d94      0x1ea ./bldc_software/motor.o
                0x0000000000001d94                motor_power_on_beep
 .text.disable_opama_interrupts
                0x0000000000001f7e       0x14 ./bldc_hardware/operational_amplifier.o
                0x0000000000001f7e                disable_opama_interrupts
 .text.enable_opama_interrupts
                0x0000000000001f92       0x12 ./bldc_hardware/operational_amplifier.o
                0x0000000000001f92                enable_opama_interrupts
 .text.pa2_exit_init
                0x0000000000001fa4       0x46 ./bldc_hardware/operational_amplifier.o
                0x0000000000001fa4                pa2_exit_init
 .text.opama_init
                0x0000000000001fea       0x66 ./bldc_hardware/operational_amplifier.o
                0x0000000000001fea                opama_init
 .text.pwm_input_trigger_callback
                0x0000000000002050       0xd4 ./bldc_hardware/pwm_input.o
                0x0000000000002050                pwm_input_trigger_callback
 .text.pwm_input_timeout_callback
                0x0000000000002124       0x24 ./bldc_hardware/pwm_input.o
                0x0000000000002124                pwm_input_timeout_callback
 .text.pwm_input_init
                0x0000000000002148      0x14e ./bldc_hardware/pwm_input.o
                0x0000000000002148                pwm_input_init
 .text.pwm_duty_update
                0x0000000000002296       0x2a ./bldc_hardware/pwm_output.o
                0x0000000000002296                pwm_duty_update
 .text.pwm_a_bn_output
                0x00000000000022c0       0xa2 ./bldc_hardware/pwm_output.o
                0x00000000000022c0                pwm_a_bn_output
 .text.pwm_a_cn_output
                0x0000000000002362       0xa2 ./bldc_hardware/pwm_output.o
                0x0000000000002362                pwm_a_cn_output
 .text.pwm_b_cn_output
                0x0000000000002404       0xa0 ./bldc_hardware/pwm_output.o
                0x0000000000002404                pwm_b_cn_output
 .text.pwm_b_an_output
                0x00000000000024a4       0xa0 ./bldc_hardware/pwm_output.o
                0x00000000000024a4                pwm_b_an_output
 .text.pwm_c_an_output
                0x0000000000002544       0xa4 ./bldc_hardware/pwm_output.o
                0x0000000000002544                pwm_c_an_output
 .text.pwm_c_bn_output
                0x00000000000025e8       0xa4 ./bldc_hardware/pwm_output.o
                0x00000000000025e8                pwm_c_bn_output
 .text.pwm_an_bn_cn_off
                0x000000000000268c       0x90 ./bldc_hardware/pwm_output.o
                0x000000000000268c                pwm_an_bn_cn_off
 .text.pwm_complementary_init
                0x000000000000271c      0x236 ./bldc_hardware/pwm_output.o
                0x000000000000271c                pwm_complementary_init
 .text.seekfree_assistant_oscilloscope_send
                0x0000000000002952       0x3e ./addition_software/seekfree_assistant.o
                0x0000000000002952                seekfree_assistant_oscilloscope_send
 .text.seekfree_assistant_transfer
                0x0000000000002990        0xc ./addition_software/seekfree_assistant_interface.o
                0x0000000000002990                seekfree_assistant_transfer
 .text.battery_voltage_get
                0x000000000000299c       0x70 ./addition_hardware/battery.o
                0x000000000000299c                battery_voltage_get
 .text.battery_voltage_init
                0x0000000000002a0c      0x12e ./addition_hardware/battery.o
                0x0000000000002a0c                battery_voltage_init
 .text.system_delay
                0x0000000000002b3a       0x34 ./addition_hardware/delay.o
                0x0000000000002b3a                system_delay
 .text.iwdg_init
                0x0000000000002b6e       0x28 ./addition_hardware/iwdg.o
                0x0000000000002b6e                iwdg_init
 .text.led_run_toggle
                0x0000000000002b96       0x12 ./addition_hardware/led.o
                0x0000000000002b96                led_run_toggle
 .text.led_err_toggle
                0x0000000000002ba8       0x12 ./addition_hardware/led.o
                0x0000000000002ba8                led_err_toggle
 .text.led_control
                0x0000000000002bba       0x86 ./addition_hardware/led.o
                0x0000000000002bba                led_control
 .text.led_init
                0x0000000000002c40       0x4e ./addition_hardware/led.o
                0x0000000000002c40                led_init
 .text.usart_init
                0x0000000000002c8e       0x62 ./addition_hardware/usart.o
                0x0000000000002c8e                usart_init
 .text.uart_write_byte
                0x0000000000002cf0       0x14 ./addition_hardware/usart.o
                0x0000000000002cf0                uart_write_byte
 .text.uart_write_buffer
                0x0000000000002d04       0x1a ./addition_hardware/usart.o
                0x0000000000002d04                uart_write_buffer
 .text.__divdf3
                0x0000000000002d1e      0x5ae d:/mounriver_studio/toolchain/risc-v embedded gcc12/bin/../lib/gcc/riscv-none-elf/12.2.0/rv32imac_xw/ilp32\libgcc.a(divdf3.o)
                0x0000000000002d1e                __divdf3
 .text.__muldf3
                0x00000000000032cc      0x54a d:/mounriver_studio/toolchain/risc-v embedded gcc12/bin/../lib/gcc/riscv-none-elf/12.2.0/rv32imac_xw/ilp32\libgcc.a(muldf3.o)
                0x00000000000032cc                __muldf3
 .text.__fixunsdfsi
                0x0000000000003816       0x58 d:/mounriver_studio/toolchain/risc-v embedded gcc12/bin/../lib/gcc/riscv-none-elf/12.2.0/rv32imac_xw/ilp32\libgcc.a(fixunsdfsi.o)
                0x0000000000003816                __fixunsdfsi
 .text.__floatunsidf
                0x000000000000386e       0x70 d:/mounriver_studio/toolchain/risc-v embedded gcc12/bin/../lib/gcc/riscv-none-elf/12.2.0/rv32imac_xw/ilp32\libgcc.a(floatunsidf.o)
                0x000000000000386e                __floatunsidf
 .text.__addsf3
                0x00000000000038de      0x368 d:/mounriver_studio/toolchain/risc-v embedded gcc12/bin/../lib/gcc/riscv-none-elf/12.2.0/rv32imac_xw/ilp32\libgcc.a(addsf3.o)
                0x00000000000038de                __addsf3
 .text.__divsf3
                0x0000000000003c46      0x2ea d:/mounriver_studio/toolchain/risc-v embedded gcc12/bin/../lib/gcc/riscv-none-elf/12.2.0/rv32imac_xw/ilp32\libgcc.a(divsf3.o)
                0x0000000000003c46                __divsf3
 .text.__gesf2  0x0000000000003f30       0x96 d:/mounriver_studio/toolchain/risc-v embedded gcc12/bin/../lib/gcc/riscv-none-elf/12.2.0/rv32imac_xw/ilp32\libgcc.a(gesf2.o)
                0x0000000000003f30                __gesf2
                0x0000000000003f30                __gtsf2
 .text.__lesf2  0x0000000000003fc6       0x98 d:/mounriver_studio/toolchain/risc-v embedded gcc12/bin/../lib/gcc/riscv-none-elf/12.2.0/rv32imac_xw/ilp32\libgcc.a(lesf2.o)
                0x0000000000003fc6                __ltsf2
                0x0000000000003fc6                __lesf2
 .text.__mulsf3
                0x000000000000405e      0x2dc d:/mounriver_studio/toolchain/risc-v embedded gcc12/bin/../lib/gcc/riscv-none-elf/12.2.0/rv32imac_xw/ilp32\libgcc.a(mulsf3.o)
                0x000000000000405e                __mulsf3
 .text.__subsf3
                0x000000000000433a      0x38c d:/mounriver_studio/toolchain/risc-v embedded gcc12/bin/../lib/gcc/riscv-none-elf/12.2.0/rv32imac_xw/ilp32\libgcc.a(subsf3.o)
                0x000000000000433a                __subsf3
 .text.__fixsfsi
                0x00000000000046c6       0x60 d:/mounriver_studio/toolchain/risc-v embedded gcc12/bin/../lib/gcc/riscv-none-elf/12.2.0/rv32imac_xw/ilp32\libgcc.a(fixsfsi.o)
                0x00000000000046c6                __fixsfsi
 .text.__floatsisf
                0x0000000000004726       0xcc d:/mounriver_studio/toolchain/risc-v embedded gcc12/bin/../lib/gcc/riscv-none-elf/12.2.0/rv32imac_xw/ilp32\libgcc.a(floatsisf.o)
                0x0000000000004726                __floatsisf
 .text.__floatunsisf
                0x00000000000047f2       0xbc d:/mounriver_studio/toolchain/risc-v embedded gcc12/bin/../lib/gcc/riscv-none-elf/12.2.0/rv32imac_xw/ilp32\libgcc.a(floatunsisf.o)
                0x00000000000047f2                __floatunsisf
 .text.__extendsfdf2
                0x00000000000048ae       0xa6 d:/mounriver_studio/toolchain/risc-v embedded gcc12/bin/../lib/gcc/riscv-none-elf/12.2.0/rv32imac_xw/ilp32\libgcc.a(extendsfdf2.o)
                0x00000000000048ae                __extendsfdf2
 .text.__truncdfsf2
                0x0000000000004954      0x16c d:/mounriver_studio/toolchain/risc-v embedded gcc12/bin/../lib/gcc/riscv-none-elf/12.2.0/rv32imac_xw/ilp32\libgcc.a(truncdfsf2.o)
                0x0000000000004954                __truncdfsf2
 .text.__clzsi2
                0x0000000000004ac0       0x68 d:/mounriver_studio/toolchain/risc-v embedded gcc12/bin/../lib/gcc/riscv-none-elf/12.2.0/rv32imac_xw/ilp32\libgcc.a(_clzsi2.o)
                0x0000000000004ac0                __clzsi2
 .text.printf   0x0000000000004b28       0x3a d:/mounriver_studio/toolchain/risc-v embedded gcc12/bin/../lib/gcc/riscv-none-elf/12.2.0/../../../../riscv-none-elf/lib/rv32imac_xw/ilp32\libg_nano.a(lib_a-printf.o)
                0x0000000000004b28                iprintf
                0x0000000000004b28                printf
 .text._puts_r  0x0000000000004b62      0x108 d:/mounriver_studio/toolchain/risc-v embedded gcc12/bin/../lib/gcc/riscv-none-elf/12.2.0/../../../../riscv-none-elf/lib/rv32imac_xw/ilp32\libg_nano.a(lib_a-puts.o)
                0x0000000000004b62                _puts_r
 .text.puts     0x0000000000004c6a        0x8 d:/mounriver_studio/toolchain/risc-v embedded gcc12/bin/../lib/gcc/riscv-none-elf/12.2.0/../../../../riscv-none-elf/lib/rv32imac_xw/ilp32\libg_nano.a(lib_a-puts.o)
                0x0000000000004c6a                puts
 .text.srand    0x0000000000004c72       0x70 d:/mounriver_studio/toolchain/risc-v embedded gcc12/bin/../lib/gcc/riscv-none-elf/12.2.0/../../../../riscv-none-elf/lib/rv32imac_xw/ilp32\libg_nano.a(lib_a-rand.o)
                0x0000000000004c72                srand
 .text.rand     0x0000000000004ce2       0x9e d:/mounriver_studio/toolchain/risc-v embedded gcc12/bin/../lib/gcc/riscv-none-elf/12.2.0/../../../../riscv-none-elf/lib/rv32imac_xw/ilp32\libg_nano.a(lib_a-rand.o)
                0x0000000000004ce2                rand
 .text.__swbuf_r
                0x0000000000004d80       0xbc d:/mounriver_studio/toolchain/risc-v embedded gcc12/bin/../lib/gcc/riscv-none-elf/12.2.0/../../../../riscv-none-elf/lib/rv32imac_xw/ilp32\libg_nano.a(lib_a-wbuf.o)
                0x0000000000004d80                __swbuf_r
 .text.__swsetup_r
                0x0000000000004e3c       0xee d:/mounriver_studio/toolchain/risc-v embedded gcc12/bin/../lib/gcc/riscv-none-elf/12.2.0/../../../../riscv-none-elf/lib/rv32imac_xw/ilp32\libg_nano.a(lib_a-wsetup.o)
                0x0000000000004e3c                __swsetup_r
 .text.__assert_func
                0x0000000000004f2a       0x38 d:/mounriver_studio/toolchain/risc-v embedded gcc12/bin/../lib/gcc/riscv-none-elf/12.2.0/../../../../riscv-none-elf/lib/rv32imac_xw/ilp32\libg_nano.a(lib_a-assert.o)
                0x0000000000004f2a                __assert_func
 .text.__sflush_r
                0x0000000000004f62      0x132 d:/mounriver_studio/toolchain/risc-v embedded gcc12/bin/../lib/gcc/riscv-none-elf/12.2.0/../../../../riscv-none-elf/lib/rv32imac_xw/ilp32\libg_nano.a(lib_a-fflush.o)
                0x0000000000004f62                __sflush_r
 .text._fflush_r
                0x0000000000005094       0x88 d:/mounriver_studio/toolchain/risc-v embedded gcc12/bin/../lib/gcc/riscv-none-elf/12.2.0/../../../../riscv-none-elf/lib/rv32imac_xw/ilp32\libg_nano.a(lib_a-fflush.o)
                0x0000000000005094                _fflush_r
 .text.std      0x000000000000511c       0x66 d:/mounriver_studio/toolchain/risc-v embedded gcc12/bin/../lib/gcc/riscv-none-elf/12.2.0/../../../../riscv-none-elf/lib/rv32imac_xw/ilp32\libg_nano.a(lib_a-findfp.o)
 .text._cleanup_r
                0x0000000000005182        0xa d:/mounriver_studio/toolchain/risc-v embedded gcc12/bin/../lib/gcc/riscv-none-elf/12.2.0/../../../../riscv-none-elf/lib/rv32imac_xw/ilp32\libg_nano.a(lib_a-findfp.o)
                0x0000000000005182                _cleanup_r
 .text.__sfmoreglue
                0x000000000000518c       0x46 d:/mounriver_studio/toolchain/risc-v embedded gcc12/bin/../lib/gcc/riscv-none-elf/12.2.0/../../../../riscv-none-elf/lib/rv32imac_xw/ilp32\libg_nano.a(lib_a-findfp.o)
                0x000000000000518c                __sfmoreglue
 .text.__sfp_lock_acquire
                0x00000000000051d2        0x6 d:/mounriver_studio/toolchain/risc-v embedded gcc12/bin/../lib/gcc/riscv-none-elf/12.2.0/../../../../riscv-none-elf/lib/rv32imac_xw/ilp32\libg_nano.a(lib_a-findfp.o)
                0x00000000000051d2                __sfp_lock_acquire
 .text.__sfp_lock_release
                0x00000000000051d8        0x6 d:/mounriver_studio/toolchain/risc-v embedded gcc12/bin/../lib/gcc/riscv-none-elf/12.2.0/../../../../riscv-none-elf/lib/rv32imac_xw/ilp32\libg_nano.a(lib_a-findfp.o)
                0x00000000000051d8                __sfp_lock_release
 .text.__sinit_lock_acquire
                0x00000000000051de        0x6 d:/mounriver_studio/toolchain/risc-v embedded gcc12/bin/../lib/gcc/riscv-none-elf/12.2.0/../../../../riscv-none-elf/lib/rv32imac_xw/ilp32\libg_nano.a(lib_a-findfp.o)
                0x00000000000051de                __sinit_lock_acquire
 .text.__sinit_lock_release
                0x00000000000051e4        0x6 d:/mounriver_studio/toolchain/risc-v embedded gcc12/bin/../lib/gcc/riscv-none-elf/12.2.0/../../../../riscv-none-elf/lib/rv32imac_xw/ilp32\libg_nano.a(lib_a-findfp.o)
                0x00000000000051e4                __sinit_lock_release
 .text.__sinit  0x00000000000051ea       0x6e d:/mounriver_studio/toolchain/risc-v embedded gcc12/bin/../lib/gcc/riscv-none-elf/12.2.0/../../../../riscv-none-elf/lib/rv32imac_xw/ilp32\libg_nano.a(lib_a-findfp.o)
                0x00000000000051ea                __sinit
 .text.__sfp    0x0000000000005258       0xac d:/mounriver_studio/toolchain/risc-v embedded gcc12/bin/../lib/gcc/riscv-none-elf/12.2.0/../../../../riscv-none-elf/lib/rv32imac_xw/ilp32\libg_nano.a(lib_a-findfp.o)
                0x0000000000005258                __sfp
 .text.fprintf  0x0000000000005304       0x24 d:/mounriver_studio/toolchain/risc-v embedded gcc12/bin/../lib/gcc/riscv-none-elf/12.2.0/../../../../riscv-none-elf/lib/rv32imac_xw/ilp32\libg_nano.a(lib_a-fprintf.o)
                0x0000000000005304                fiprintf
                0x0000000000005304                fprintf
 .text._fwalk_reent
                0x0000000000005328       0x68 d:/mounriver_studio/toolchain/risc-v embedded gcc12/bin/../lib/gcc/riscv-none-elf/12.2.0/../../../../riscv-none-elf/lib/rv32imac_xw/ilp32\libg_nano.a(lib_a-fwalk.o)
                0x0000000000005328                _fwalk_reent
 .text.__retarget_lock_init_recursive
                0x0000000000005390        0x2 d:/mounriver_studio/toolchain/risc-v embedded gcc12/bin/../lib/gcc/riscv-none-elf/12.2.0/../../../../riscv-none-elf/lib/rv32imac_xw/ilp32\libg_nano.a(lib_a-lock.o)
                0x0000000000005390                __retarget_lock_init_recursive
 .text.__retarget_lock_acquire_recursive
                0x0000000000005392        0x2 d:/mounriver_studio/toolchain/risc-v embedded gcc12/bin/../lib/gcc/riscv-none-elf/12.2.0/../../../../riscv-none-elf/lib/rv32imac_xw/ilp32\libg_nano.a(lib_a-lock.o)
                0x0000000000005392                __retarget_lock_acquire_recursive
 .text.__retarget_lock_release_recursive
                0x0000000000005394        0x2 d:/mounriver_studio/toolchain/risc-v embedded gcc12/bin/../lib/gcc/riscv-none-elf/12.2.0/../../../../riscv-none-elf/lib/rv32imac_xw/ilp32\libg_nano.a(lib_a-lock.o)
                0x0000000000005394                __retarget_lock_release_recursive
 .text.__swhatbuf_r
                0x0000000000005396       0x5a d:/mounriver_studio/toolchain/risc-v embedded gcc12/bin/../lib/gcc/riscv-none-elf/12.2.0/../../../../riscv-none-elf/lib/rv32imac_xw/ilp32\libg_nano.a(lib_a-makebuf.o)
                0x0000000000005396                __swhatbuf_r
 .text.__smakebuf_r
                0x00000000000053f0       0x92 d:/mounriver_studio/toolchain/risc-v embedded gcc12/bin/../lib/gcc/riscv-none-elf/12.2.0/../../../../riscv-none-elf/lib/rv32imac_xw/ilp32\libg_nano.a(lib_a-makebuf.o)
                0x00000000000053f0                __smakebuf_r
 .text.malloc   0x0000000000005482        0x8 d:/mounriver_studio/toolchain/risc-v embedded gcc12/bin/../lib/gcc/riscv-none-elf/12.2.0/../../../../riscv-none-elf/lib/rv32imac_xw/ilp32\libg_nano.a(lib_a-malloc.o)
                0x0000000000005482                malloc
 .text._free_r  0x000000000000548a       0x9e d:/mounriver_studio/toolchain/risc-v embedded gcc12/bin/../lib/gcc/riscv-none-elf/12.2.0/../../../../riscv-none-elf/lib/rv32imac_xw/ilp32\libg_nano.a(lib_a-nano-freer.o)
                0x000000000000548a                _free_r
 .text.sbrk_aligned
                0x0000000000005528       0x54 d:/mounriver_studio/toolchain/risc-v embedded gcc12/bin/../lib/gcc/riscv-none-elf/12.2.0/../../../../riscv-none-elf/lib/rv32imac_xw/ilp32\libg_nano.a(lib_a-nano-mallocr.o)
 .text._malloc_r
                0x000000000000557c      0x10c d:/mounriver_studio/toolchain/risc-v embedded gcc12/bin/../lib/gcc/riscv-none-elf/12.2.0/../../../../riscv-none-elf/lib/rv32imac_xw/ilp32\libg_nano.a(lib_a-nano-mallocr.o)
                0x000000000000557c                _malloc_r
 .text.__sfputc_r
                0x0000000000005688       0x28 d:/mounriver_studio/toolchain/risc-v embedded gcc12/bin/../lib/gcc/riscv-none-elf/12.2.0/../../../../riscv-none-elf/lib/rv32imac_xw/ilp32\libg_nano.a(lib_a-nano-vfprintf.o)
 .text.__sfputs_r
                0x00000000000056b0       0x42 d:/mounriver_studio/toolchain/risc-v embedded gcc12/bin/../lib/gcc/riscv-none-elf/12.2.0/../../../../riscv-none-elf/lib/rv32imac_xw/ilp32\libg_nano.a(lib_a-nano-vfprintf.o)
                0x00000000000056b0                __sfputs_r
 .text._vfprintf_r
                0x00000000000056f2      0x2c0 d:/mounriver_studio/toolchain/risc-v embedded gcc12/bin/../lib/gcc/riscv-none-elf/12.2.0/../../../../riscv-none-elf/lib/rv32imac_xw/ilp32\libg_nano.a(lib_a-nano-vfprintf.o)
                0x00000000000056f2                _vfprintf_r
                0x00000000000056f2                _vfiprintf_r
 .text._sbrk_r  0x00000000000059b2       0x28 d:/mounriver_studio/toolchain/risc-v embedded gcc12/bin/../lib/gcc/riscv-none-elf/12.2.0/../../../../riscv-none-elf/lib/rv32imac_xw/ilp32\libg_nano.a(lib_a-sbrkr.o)
                0x00000000000059b2                _sbrk_r
 .text.__sread  0x00000000000059da       0x2c d:/mounriver_studio/toolchain/risc-v embedded gcc12/bin/../lib/gcc/riscv-none-elf/12.2.0/../../../../riscv-none-elf/lib/rv32imac_xw/ilp32\libg_nano.a(lib_a-stdio.o)
                0x00000000000059da                __sread
 .text.__swrite
                0x0000000000005a06       0x48 d:/mounriver_studio/toolchain/risc-v embedded gcc12/bin/../lib/gcc/riscv-none-elf/12.2.0/../../../../riscv-none-elf/lib/rv32imac_xw/ilp32\libg_nano.a(lib_a-stdio.o)
                0x0000000000005a06                __swrite
 .text.__sseek  0x0000000000005a4e       0x30 d:/mounriver_studio/toolchain/risc-v embedded gcc12/bin/../lib/gcc/riscv-none-elf/12.2.0/../../../../riscv-none-elf/lib/rv32imac_xw/ilp32\libg_nano.a(lib_a-stdio.o)
                0x0000000000005a4e                __sseek
 .text.__sclose
                0x0000000000005a7e        0x6 d:/mounriver_studio/toolchain/risc-v embedded gcc12/bin/../lib/gcc/riscv-none-elf/12.2.0/../../../../riscv-none-elf/lib/rv32imac_xw/ilp32\libg_nano.a(lib_a-stdio.o)
                0x0000000000005a7e                __sclose
 .text._write_r
                0x0000000000005a84       0x2c d:/mounriver_studio/toolchain/risc-v embedded gcc12/bin/../lib/gcc/riscv-none-elf/12.2.0/../../../../riscv-none-elf/lib/rv32imac_xw/ilp32\libg_nano.a(lib_a-writer.o)
                0x0000000000005a84                _write_r
 .text.abort    0x0000000000005ab0        0xc d:/mounriver_studio/toolchain/risc-v embedded gcc12/bin/../lib/gcc/riscv-none-elf/12.2.0/../../../../riscv-none-elf/lib/rv32imac_xw/ilp32\libg_nano.a(lib_a-abort.o)
                0x0000000000005ab0                abort
 .text._close_r
                0x0000000000005abc       0x26 d:/mounriver_studio/toolchain/risc-v embedded gcc12/bin/../lib/gcc/riscv-none-elf/12.2.0/../../../../riscv-none-elf/lib/rv32imac_xw/ilp32\libg_nano.a(lib_a-closer.o)
                0x0000000000005abc                _close_r
 .text._fstat_r
                0x0000000000005ae2       0x28 d:/mounriver_studio/toolchain/risc-v embedded gcc12/bin/../lib/gcc/riscv-none-elf/12.2.0/../../../../riscv-none-elf/lib/rv32imac_xw/ilp32\libg_nano.a(lib_a-fstatr.o)
                0x0000000000005ae2                _fstat_r
 .text._isatty_r
                0x0000000000005b0a       0x26 d:/mounriver_studio/toolchain/risc-v embedded gcc12/bin/../lib/gcc/riscv-none-elf/12.2.0/../../../../riscv-none-elf/lib/rv32imac_xw/ilp32\libg_nano.a(lib_a-isattyr.o)
                0x0000000000005b0a                _isatty_r
 .text._lseek_r
                0x0000000000005b30       0x2a d:/mounriver_studio/toolchain/risc-v embedded gcc12/bin/../lib/gcc/riscv-none-elf/12.2.0/../../../../riscv-none-elf/lib/rv32imac_xw/ilp32\libg_nano.a(lib_a-lseekr.o)
                0x0000000000005b30                _lseek_r
 .text.memchr   0x0000000000005b5a       0x18 d:/mounriver_studio/toolchain/risc-v embedded gcc12/bin/../lib/gcc/riscv-none-elf/12.2.0/../../../../riscv-none-elf/lib/rv32imac_xw/ilp32\libg_nano.a(lib_a-memchr.o)
                0x0000000000005b5a                memchr
 .text.__malloc_lock
                0x0000000000005b72        0x8 d:/mounriver_studio/toolchain/risc-v embedded gcc12/bin/../lib/gcc/riscv-none-elf/12.2.0/../../../../riscv-none-elf/lib/rv32imac_xw/ilp32\libg_nano.a(lib_a-mlock.o)
                0x0000000000005b72                __malloc_lock
 .text.__malloc_unlock
                0x0000000000005b7a        0x8 d:/mounriver_studio/toolchain/risc-v embedded gcc12/bin/../lib/gcc/riscv-none-elf/12.2.0/../../../../riscv-none-elf/lib/rv32imac_xw/ilp32\libg_nano.a(lib_a-mlock.o)
                0x0000000000005b7a                __malloc_unlock
 .text._printf_common
                0x0000000000005b82      0x110 d:/mounriver_studio/toolchain/risc-v embedded gcc12/bin/../lib/gcc/riscv-none-elf/12.2.0/../../../../riscv-none-elf/lib/rv32imac_xw/ilp32\libg_nano.a(lib_a-nano-vfprintf_i.o)
                0x0000000000005b82                _printf_common
 .text._printf_i
                0x0000000000005c92      0x27c d:/mounriver_studio/toolchain/risc-v embedded gcc12/bin/../lib/gcc/riscv-none-elf/12.2.0/../../../../riscv-none-elf/lib/rv32imac_xw/ilp32\libg_nano.a(lib_a-nano-vfprintf_i.o)
                0x0000000000005c92                _printf_i
 .text._read_r  0x0000000000005f0e       0x2a d:/mounriver_studio/toolchain/risc-v embedded gcc12/bin/../lib/gcc/riscv-none-elf/12.2.0/../../../../riscv-none-elf/lib/rv32imac_xw/ilp32\libg_nano.a(lib_a-readr.o)
                0x0000000000005f0e                _read_r
 .text._raise_r
                0x0000000000005f38       0x60 d:/mounriver_studio/toolchain/risc-v embedded gcc12/bin/../lib/gcc/riscv-none-elf/12.2.0/../../../../riscv-none-elf/lib/rv32imac_xw/ilp32\libg_nano.a(lib_a-signal.o)
                0x0000000000005f38                _raise_r
 .text.raise    0x0000000000005f98        0xa d:/mounriver_studio/toolchain/risc-v embedded gcc12/bin/../lib/gcc/riscv-none-elf/12.2.0/../../../../riscv-none-elf/lib/rv32imac_xw/ilp32\libg_nano.a(lib_a-signal.o)
                0x0000000000005f98                raise
 .text._kill_r  0x0000000000005fa2       0x28 d:/mounriver_studio/toolchain/risc-v embedded gcc12/bin/../lib/gcc/riscv-none-elf/12.2.0/../../../../riscv-none-elf/lib/rv32imac_xw/ilp32\libg_nano.a(lib_a-signalr.o)
                0x0000000000005fa2                _kill_r
 .text._getpid_r
                0x0000000000005fca        0x2 d:/mounriver_studio/toolchain/risc-v embedded gcc12/bin/../lib/gcc/riscv-none-elf/12.2.0/../../../../riscv-none-elf/lib/rv32imac_xw/ilp32\libg_nano.a(lib_a-signalr.o)
                0x0000000000005fca                _getpid_r
 .text._close   0x0000000000005fcc        0xc d:/mounriver_studio/toolchain/risc-v embedded gcc12/bin/../lib/gcc/riscv-none-elf/12.2.0/../../../../riscv-none-elf/lib/rv32imac_xw/ilp32\libnosys.a(close.o)
                0x0000000000005fcc                _close
 .text._fstat   0x0000000000005fd8        0xc d:/mounriver_studio/toolchain/risc-v embedded gcc12/bin/../lib/gcc/riscv-none-elf/12.2.0/../../../../riscv-none-elf/lib/rv32imac_xw/ilp32\libnosys.a(fstat.o)
                0x0000000000005fd8                _fstat
 .text._getpid  0x0000000000005fe4        0xc d:/mounriver_studio/toolchain/risc-v embedded gcc12/bin/../lib/gcc/riscv-none-elf/12.2.0/../../../../riscv-none-elf/lib/rv32imac_xw/ilp32\libnosys.a(getpid.o)
                0x0000000000005fe4                _getpid
 .text._isatty  0x0000000000005ff0        0xc d:/mounriver_studio/toolchain/risc-v embedded gcc12/bin/../lib/gcc/riscv-none-elf/12.2.0/../../../../riscv-none-elf/lib/rv32imac_xw/ilp32\libnosys.a(isatty.o)
                0x0000000000005ff0                _isatty
 .text._kill    0x0000000000005ffc        0xc d:/mounriver_studio/toolchain/risc-v embedded gcc12/bin/../lib/gcc/riscv-none-elf/12.2.0/../../../../riscv-none-elf/lib/rv32imac_xw/ilp32\libnosys.a(kill.o)
                0x0000000000005ffc                _kill
 .text._lseek   0x0000000000006008        0xc d:/mounriver_studio/toolchain/risc-v embedded gcc12/bin/../lib/gcc/riscv-none-elf/12.2.0/../../../../riscv-none-elf/lib/rv32imac_xw/ilp32\libnosys.a(lseek.o)
                0x0000000000006008                _lseek
 .text._read    0x0000000000006014        0xc d:/mounriver_studio/toolchain/risc-v embedded gcc12/bin/../lib/gcc/riscv-none-elf/12.2.0/../../../../riscv-none-elf/lib/rv32imac_xw/ilp32\libnosys.a(read.o)
                0x0000000000006014                _read
 .text._exit    0x0000000000006020        0x2 d:/mounriver_studio/toolchain/risc-v embedded gcc12/bin/../lib/gcc/riscv-none-elf/12.2.0/../../../../riscv-none-elf/lib/rv32imac_xw/ilp32\libnosys.a(_exit.o)
                0x0000000000006020                _exit
 *(.rodata)
 *(.rodata*)
 *fill*         0x0000000000006022        0x2 
 .rodata.HardFault_Handler.str1.4
                0x0000000000006024       0x3b ./user/ch32v20x_it.o
 *fill*         0x000000000000605f        0x1 
 .rodata.pit_callback
                0x0000000000006060       0x1c ./bldc_software/control.o
 .rodata.motor_commutation_execute
                0x000000000000607c       0x18 ./bldc_software/motor.o
 .rodata.__divdf3
                0x0000000000006094       0x40 d:/mounriver_studio/toolchain/risc-v embedded gcc12/bin/../lib/gcc/riscv-none-elf/12.2.0/rv32imac_xw/ilp32\libgcc.a(divdf3.o)
 .rodata.__divsf3
                0x00000000000060d4       0xa8 d:/mounriver_studio/toolchain/risc-v embedded gcc12/bin/../lib/gcc/riscv-none-elf/12.2.0/rv32imac_xw/ilp32\libgcc.a(divsf3.o)
 .rodata.__clz_tab
                0x000000000000617c      0x100 d:/mounriver_studio/toolchain/risc-v embedded gcc12/bin/../lib/gcc/riscv-none-elf/12.2.0/rv32imac_xw/ilp32\libgcc.a(_clz.o)
                0x000000000000617c                __clz_tab
 .rodata.srand.str1.4
                0x000000000000627c       0x8c d:/mounriver_studio/toolchain/risc-v embedded gcc12/bin/../lib/gcc/riscv-none-elf/12.2.0/../../../../riscv-none-elf/lib/rv32imac_xw/ilp32\libg_nano.a(lib_a-rand.o)
 .rodata.__assert_func.str1.4
                0x0000000000006308       0x3f d:/mounriver_studio/toolchain/risc-v embedded gcc12/bin/../lib/gcc/riscv-none-elf/12.2.0/../../../../riscv-none-elf/lib/rv32imac_xw/ilp32\libg_nano.a(lib_a-assert.o)
                                         0x43 (size before relaxing)
 *fill*         0x0000000000006347        0x1 
 .rodata.__sf_fake_stderr
                0x0000000000006348       0x20 d:/mounriver_studio/toolchain/risc-v embedded gcc12/bin/../lib/gcc/riscv-none-elf/12.2.0/../../../../riscv-none-elf/lib/rv32imac_xw/ilp32\libg_nano.a(lib_a-findfp.o)
                0x0000000000006348                __sf_fake_stderr
 .rodata.__sf_fake_stdout
                0x0000000000006368       0x20 d:/mounriver_studio/toolchain/risc-v embedded gcc12/bin/../lib/gcc/riscv-none-elf/12.2.0/../../../../riscv-none-elf/lib/rv32imac_xw/ilp32\libg_nano.a(lib_a-findfp.o)
                0x0000000000006368                __sf_fake_stdout
 .rodata.__sf_fake_stdin
                0x0000000000006388       0x20 d:/mounriver_studio/toolchain/risc-v embedded gcc12/bin/../lib/gcc/riscv-none-elf/12.2.0/../../../../riscv-none-elf/lib/rv32imac_xw/ilp32\libg_nano.a(lib_a-findfp.o)
                0x0000000000006388                __sf_fake_stdin
 .rodata._vfprintf_r.str1.4
                0x00000000000063a8       0x13 d:/mounriver_studio/toolchain/risc-v embedded gcc12/bin/../lib/gcc/riscv-none-elf/12.2.0/../../../../riscv-none-elf/lib/rv32imac_xw/ilp32\libg_nano.a(lib_a-nano-vfprintf.o)
 *fill*         0x00000000000063bb        0x1 
 .rodata._printf_i.str1.4
                0x00000000000063bc       0x25 d:/mounriver_studio/toolchain/risc-v embedded gcc12/bin/../lib/gcc/riscv-none-elf/12.2.0/../../../../riscv-none-elf/lib/rv32imac_xw/ilp32\libg_nano.a(lib_a-nano-vfprintf_i.o)
 *fill*         0x00000000000063e1        0x3 
 .rodata._printf_i
                0x00000000000063e4       0x58 d:/mounriver_studio/toolchain/risc-v embedded gcc12/bin/../lib/gcc/riscv-none-elf/12.2.0/../../../../riscv-none-elf/lib/rv32imac_xw/ilp32\libg_nano.a(lib_a-nano-vfprintf_i.o)
 *(.glue_7)
 *(.glue_7t)
 *(.gnu.linkonce.t.*)
                0x000000000000643c                . = ALIGN (0x4)

.rela.dyn       0x000000000000643c        0x0
 .rela.init     0x000000000000643c        0x0 ./wch_sdk/Startup/startup_ch32v20x_D6.o
 .rela.vector   0x000000000000643c        0x0 ./wch_sdk/Startup/startup_ch32v20x_D6.o
 .rela.text.handle_reset
                0x000000000000643c        0x0 ./wch_sdk/Startup/startup_ch32v20x_D6.o
 .rela.text._sbrk
                0x000000000000643c        0x0 ./wch_sdk/Startup/startup_ch32v20x_D6.o
 .rela.sdata.curbrk.0
                0x000000000000643c        0x0 ./wch_sdk/Startup/startup_ch32v20x_D6.o
 .rela.text.set_vector_table_free
                0x000000000000643c        0x0 ./wch_sdk/Startup/startup_ch32v20x_D6.o
 .rela.text._vfprintf_r
                0x000000000000643c        0x0 ./wch_sdk/Startup/startup_ch32v20x_D6.o

.fini           0x000000000000643c        0x0
 *(SORT_NONE(.fini))
                0x000000000000643c                . = ALIGN (0x4)
                [!provide]                        PROVIDE (_etext = .)
                [!provide]                        PROVIDE (_eitcm = .)

.preinit_array  0x000000000000643c        0x0
                [!provide]                        PROVIDE (__preinit_array_start = .)
 *(.preinit_array)
                [!provide]                        PROVIDE (__preinit_array_end = .)

.init_array     0x000000000000643c        0x0
                [!provide]                        PROVIDE (__init_array_start = .)
 *(SORT_BY_INIT_PRIORITY(.init_array.*) SORT_BY_INIT_PRIORITY(.ctors.*))
 *(.init_array EXCLUDE_FILE(*crtend?.o *crtend.o *crtbegin?.o *crtbegin.o) .ctors)
                [!provide]                        PROVIDE (__init_array_end = .)

.fini_array     0x000000000000643c        0x0
                [!provide]                        PROVIDE (__fini_array_start = .)
 *(SORT_BY_INIT_PRIORITY(.fini_array.*) SORT_BY_INIT_PRIORITY(.dtors.*))
 *(.fini_array EXCLUDE_FILE(*crtend?.o *crtend.o *crtbegin?.o *crtbegin.o) .dtors)
                [!provide]                        PROVIDE (__fini_array_end = .)

.ctors
 *crtbegin.o(.ctors)
 *crtbegin?.o(.ctors)
 *(EXCLUDE_FILE(*crtend?.o *crtend.o) .ctors)
 *(SORT_BY_NAME(.ctors.*))
 *(.ctors)

.dtors
 *crtbegin.o(.dtors)
 *crtbegin?.o(.dtors)
 *(EXCLUDE_FILE(*crtend?.o *crtend.o) .dtors)
 *(SORT_BY_NAME(.dtors.*))
 *(.dtors)

.dalign         0x0000000020000000        0x0 load address 0x000000000000643c
                0x0000000020000000                . = ALIGN (0x4)
                0x0000000020000000                PROVIDE (_data_vma = .)

.dlalign        0x000000000000643c        0x0
                0x000000000000643c                . = ALIGN (0x4)
                0x000000000000643c                PROVIDE (_data_lma = .)

.data           0x0000000020000000       0xe8 load address 0x000000000000643c
 *(.gnu.linkonce.r.*)
 *(.data .data.*)
 .data.APBAHBPrescTable
                0x0000000020000000       0x10 ./wch_sdk/Peripheral/src/ch32v20x_rcc.o
 .data.impure_data
                0x0000000020000010       0x60 d:/mounriver_studio/toolchain/risc-v embedded gcc12/bin/../lib/gcc/riscv-none-elf/12.2.0/../../../../riscv-none-elf/lib/rv32imac_xw/ilp32\libg_nano.a(lib_a-impure.o)
 *(.gnu.linkonce.d.*)
                0x0000000020000070                . = ALIGN (0x8)
                0x0000000020000870                PROVIDE (__global_pointer$ = (. + 0x800))
 *(.sdata .sdata.*)
 .sdata.ADCPrescTable
                0x0000000020000070        0x4 ./wch_sdk/Peripheral/src/ch32v20x_rcc.o
 .sdata.curbrk.0
                0x0000000020000074        0x4 ./wch_sdk/Debug/debug.o
 .sdata.SystemCoreClock
                0x0000000020000078        0x4 ./user/system_ch32v20x.o
                0x0000000020000078                SystemCoreClock
 .sdata.restart_delay.0
                0x000000002000007c        0x2 ./bldc_software/control.o
 *fill*         0x000000002000007e        0x2 
 .sdata._impure_ptr
                0x0000000020000080        0x4 d:/mounriver_studio/toolchain/risc-v embedded gcc12/bin/../lib/gcc/riscv-none-elf/12.2.0/../../../../riscv-none-elf/lib/rv32imac_xw/ilp32\libg_nano.a(lib_a-impure.o)
                0x0000000020000080                _impure_ptr
 *(.sdata2.*)
 *(.gnu.linkonce.s.*)
                0x0000000020000088                . = ALIGN (0x8)
 *fill*         0x0000000020000084        0x4 
 *(.srodata.cst16)
 *(.srodata.cst8)
 .srodata.cst8  0x0000000020000088       0x18 ./user/main.o
 .srodata.cst8  0x00000000200000a0       0x18 ./bldc_hardware/pwm_input.o
 .srodata.cst8  0x00000000200000b8       0x10 ./addition_hardware/battery.o
 *(.srodata.cst4)
 .srodata.cst4  0x00000000200000c8        0x8 ./user/ch32v20x_it.o
 .srodata.cst4  0x00000000200000d0       0x10 ./bldc_software/control.o
 .srodata.cst4  0x00000000200000e0        0x4 ./addition_hardware/battery.o
 *(.srodata.cst2)
 *(.srodata .srodata.*)
 .srodata._global_impure_ptr
                0x00000000200000e4        0x4 d:/mounriver_studio/toolchain/risc-v embedded gcc12/bin/../lib/gcc/riscv-none-elf/12.2.0/../../../../riscv-none-elf/lib/rv32imac_xw/ilp32\libg_nano.a(lib_a-impure.o)
                0x00000000200000e4                _global_impure_ptr
                0x00000000200000e8                . = ALIGN (0x4)
                0x00000000200000e8                PROVIDE (_edata = .)

.bss            0x00000000200000e8       0x88 load address 0x0000000000006524
                0x00000000200000e8                . = ALIGN (0x4)
                0x00000000200000e8                PROVIDE (_sbss = .)
 *(.sbss*)
 .sbss.MCU_Version
                0x00000000200000e8        0x1 ./wch_sdk/Peripheral/src/ch32v20x_gpio.o
                0x00000000200000e8                MCU_Version
 .sbss.clac_flag
                0x00000000200000e9        0x1 ./user/ch32v20x_it.o
                0x00000000200000e9                clac_flag
 .sbss.period_time
                0x00000000200000ea        0x2 ./user/ch32v20x_it.o
                0x00000000200000ea                period_time
 .sbss.restart_count.1
                0x00000000200000ec        0x1 ./bldc_software/control.o
 .sbss.oled_pin_state.2
                0x00000000200000ed        0x1 ./bldc_software/control.o
 .sbss.gpio_state.3
                0x00000000200000ee        0x1 ./bldc_software/control.o
 *fill*         0x00000000200000ef        0x1 
 .sbss.stall_time_out_check.4
                0x00000000200000f0        0x2 ./bldc_software/control.o
 .sbss.temp_commutation_time
                0x00000000200000f2        0x2 ./bldc_software/control.o
 .sbss.low_power_num.0
                0x00000000200000f4        0x2 ./addition_hardware/battery.o
 *fill*         0x00000000200000f6        0x2 
 .sbss.battery  0x00000000200000f8        0x4 ./addition_hardware/battery.o
                0x00000000200000f8                battery
 .sbss.time_count.0
                0x00000000200000fc        0x4 ./addition_hardware/led.o
 .sbss.__lock___malloc_recursive_mutex
                0x0000000020000100        0x1 d:/mounriver_studio/toolchain/risc-v embedded gcc12/bin/../lib/gcc/riscv-none-elf/12.2.0/../../../../riscv-none-elf/lib/rv32imac_xw/ilp32\libg_nano.a(lib_a-lock.o)
                0x0000000020000100                __lock___malloc_recursive_mutex
 *fill*         0x0000000020000101        0x3 
 .sbss.__lock___sfp_recursive_mutex
                0x0000000020000104        0x1 d:/mounriver_studio/toolchain/risc-v embedded gcc12/bin/../lib/gcc/riscv-none-elf/12.2.0/../../../../riscv-none-elf/lib/rv32imac_xw/ilp32\libg_nano.a(lib_a-lock.o)
                0x0000000020000104                __lock___sfp_recursive_mutex
 *fill*         0x0000000020000105        0x3 
 .sbss.__lock___sinit_recursive_mutex
                0x0000000020000108        0x1 d:/mounriver_studio/toolchain/risc-v embedded gcc12/bin/../lib/gcc/riscv-none-elf/12.2.0/../../../../riscv-none-elf/lib/rv32imac_xw/ilp32\libg_nano.a(lib_a-lock.o)
                0x0000000020000108                __lock___sinit_recursive_mutex
 *fill*         0x0000000020000109        0x3 
 .sbss.__malloc_sbrk_start
                0x000000002000010c        0x4 d:/mounriver_studio/toolchain/risc-v embedded gcc12/bin/../lib/gcc/riscv-none-elf/12.2.0/../../../../riscv-none-elf/lib/rv32imac_xw/ilp32\libg_nano.a(lib_a-nano-mallocr.o)
                0x000000002000010c                __malloc_sbrk_start
 .sbss.__malloc_free_list
                0x0000000020000110        0x4 d:/mounriver_studio/toolchain/risc-v embedded gcc12/bin/../lib/gcc/riscv-none-elf/12.2.0/../../../../riscv-none-elf/lib/rv32imac_xw/ilp32\libg_nano.a(lib_a-nano-mallocr.o)
                0x0000000020000110                __malloc_free_list
 .sbss.errno    0x0000000020000114        0x4 d:/mounriver_studio/toolchain/risc-v embedded gcc12/bin/../lib/gcc/riscv-none-elf/12.2.0/../../../../riscv-none-elf/lib/rv32imac_xw/ilp32\libg_nano.a(lib_a-reent.o)
                0x0000000020000114                errno
 *(.gnu.linkonce.sb.*)
 *(.bss*)
 .bss.motor     0x0000000020000118       0x28 ./bldc_software/motor.o
                0x0000000020000118                motor
 .bss.motor_pwm_input_value
                0x0000000020000140        0xa ./bldc_hardware/pwm_input.o
                0x0000000020000140                motor_pwm_input_value
 *fill*         0x000000002000014a        0x2 
 .bss.fan       0x000000002000014c       0x24 ./bldc_hardware/pwm_input.o
                0x000000002000014c                fan
 *(.gnu.linkonce.b.*)
 *(COMMON*)
                0x0000000020000170                . = ALIGN (0x4)
                0x0000000020000170                PROVIDE (_ebss = .)
                0x0000000020000170                PROVIDE (_end = _ebss)
                [!provide]                        PROVIDE (end = .)

.stack          0x0000000020004800      0x800
                0x0000000020004800                PROVIDE (_heap_end = .)
                0x0000000020004800                . = ALIGN (0x4)
                [!provide]                        PROVIDE (_susrstack = .)
                0x0000000020005000                . = (. + __stack_size)
 *fill*         0x0000000020004800      0x800 
                0x0000000020005000                PROVIDE (_eusrstack = .)
OUTPUT(CH32V203C8T6_ESC_1.elf elf32-littleriscv)

.riscv.attributes
                0x0000000000000000       0x35
 .riscv.attributes
                0x0000000000000000       0x33 ./wch_sdk/Startup/startup_ch32v20x_D6.o
 .riscv.attributes
                0x0000000000000033       0x31 ./wch_sdk/Peripheral/src/ch32v20x_adc.o
 .riscv.attributes
                0x0000000000000064       0x31 ./wch_sdk/Peripheral/src/ch32v20x_dma.o
 .riscv.attributes
                0x0000000000000095       0x31 ./wch_sdk/Peripheral/src/ch32v20x_exti.o
 .riscv.attributes
                0x00000000000000c6       0x31 ./wch_sdk/Peripheral/src/ch32v20x_gpio.o
 .riscv.attributes
                0x00000000000000f7       0x31 ./wch_sdk/Peripheral/src/ch32v20x_iwdg.o
 .riscv.attributes
                0x0000000000000128       0x31 ./wch_sdk/Peripheral/src/ch32v20x_rcc.o
 .riscv.attributes
                0x0000000000000159       0x31 ./wch_sdk/Peripheral/src/ch32v20x_tim.o
 .riscv.attributes
                0x000000000000018a       0x31 ./wch_sdk/Peripheral/src/ch32v20x_usart.o
 .riscv.attributes
                0x00000000000001bb       0x31 ./wch_sdk/Debug/debug.o
 .riscv.attributes
                0x00000000000001ec       0x35 ./wch_sdk/Core/core_riscv.o
 .riscv.attributes
                0x0000000000000221       0x35 ./user/ch32v20x_it.o
 .riscv.attributes
                0x0000000000000256       0x31 ./user/main.o
 .riscv.attributes
                0x0000000000000287       0x31 ./user/system_ch32v20x.o
 .riscv.attributes
                0x00000000000002b8       0x31 ./bldc_software/control.o
 .riscv.attributes
                0x00000000000002e9       0x31 ./bldc_software/motor.o
 .riscv.attributes
                0x000000000000031a       0x31 ./bldc_hardware/operational_amplifier.o
 .riscv.attributes
                0x000000000000034b       0x31 ./bldc_hardware/pwm_input.o
 .riscv.attributes
                0x000000000000037c       0x31 ./bldc_hardware/pwm_output.o
 .riscv.attributes
                0x00000000000003ad       0x31 ./addition_software/seekfree_assistant.o
 .riscv.attributes
                0x00000000000003de       0x31 ./addition_software/seekfree_assistant_interface.o
 .riscv.attributes
                0x000000000000040f       0x31 ./addition_hardware/battery.o
 .riscv.attributes
                0x0000000000000440       0x31 ./addition_hardware/delay.o
 .riscv.attributes
                0x0000000000000471       0x31 ./addition_hardware/iwdg.o
 .riscv.attributes
                0x00000000000004a2       0x31 ./addition_hardware/led.o
 .riscv.attributes
                0x00000000000004d3       0x31 ./addition_hardware/usart.o
 .riscv.attributes
                0x0000000000000504       0x31 d:/mounriver_studio/toolchain/risc-v embedded gcc12/bin/../lib/gcc/riscv-none-elf/12.2.0/rv32imac_xw/ilp32\libgcc.a(divdf3.o)
 .riscv.attributes
                0x0000000000000535       0x31 d:/mounriver_studio/toolchain/risc-v embedded gcc12/bin/../lib/gcc/riscv-none-elf/12.2.0/rv32imac_xw/ilp32\libgcc.a(muldf3.o)
 .riscv.attributes
                0x0000000000000566       0x31 d:/mounriver_studio/toolchain/risc-v embedded gcc12/bin/../lib/gcc/riscv-none-elf/12.2.0/rv32imac_xw/ilp32\libgcc.a(fixunsdfsi.o)
 .riscv.attributes
                0x0000000000000597       0x31 d:/mounriver_studio/toolchain/risc-v embedded gcc12/bin/../lib/gcc/riscv-none-elf/12.2.0/rv32imac_xw/ilp32\libgcc.a(floatunsidf.o)
 .riscv.attributes
                0x00000000000005c8       0x31 d:/mounriver_studio/toolchain/risc-v embedded gcc12/bin/../lib/gcc/riscv-none-elf/12.2.0/rv32imac_xw/ilp32\libgcc.a(addsf3.o)
 .riscv.attributes
                0x00000000000005f9       0x31 d:/mounriver_studio/toolchain/risc-v embedded gcc12/bin/../lib/gcc/riscv-none-elf/12.2.0/rv32imac_xw/ilp32\libgcc.a(divsf3.o)
 .riscv.attributes
                0x000000000000062a       0x31 d:/mounriver_studio/toolchain/risc-v embedded gcc12/bin/../lib/gcc/riscv-none-elf/12.2.0/rv32imac_xw/ilp32\libgcc.a(gesf2.o)
 .riscv.attributes
                0x000000000000065b       0x31 d:/mounriver_studio/toolchain/risc-v embedded gcc12/bin/../lib/gcc/riscv-none-elf/12.2.0/rv32imac_xw/ilp32\libgcc.a(lesf2.o)
 .riscv.attributes
                0x000000000000068c       0x31 d:/mounriver_studio/toolchain/risc-v embedded gcc12/bin/../lib/gcc/riscv-none-elf/12.2.0/rv32imac_xw/ilp32\libgcc.a(mulsf3.o)
 .riscv.attributes
                0x00000000000006bd       0x31 d:/mounriver_studio/toolchain/risc-v embedded gcc12/bin/../lib/gcc/riscv-none-elf/12.2.0/rv32imac_xw/ilp32\libgcc.a(subsf3.o)
 .riscv.attributes
                0x00000000000006ee       0x31 d:/mounriver_studio/toolchain/risc-v embedded gcc12/bin/../lib/gcc/riscv-none-elf/12.2.0/rv32imac_xw/ilp32\libgcc.a(fixsfsi.o)
 .riscv.attributes
                0x000000000000071f       0x31 d:/mounriver_studio/toolchain/risc-v embedded gcc12/bin/../lib/gcc/riscv-none-elf/12.2.0/rv32imac_xw/ilp32\libgcc.a(floatsisf.o)
 .riscv.attributes
                0x0000000000000750       0x31 d:/mounriver_studio/toolchain/risc-v embedded gcc12/bin/../lib/gcc/riscv-none-elf/12.2.0/rv32imac_xw/ilp32\libgcc.a(floatunsisf.o)
 .riscv.attributes
                0x0000000000000781       0x31 d:/mounriver_studio/toolchain/risc-v embedded gcc12/bin/../lib/gcc/riscv-none-elf/12.2.0/rv32imac_xw/ilp32\libgcc.a(extendsfdf2.o)
 .riscv.attributes
                0x00000000000007b2       0x31 d:/mounriver_studio/toolchain/risc-v embedded gcc12/bin/../lib/gcc/riscv-none-elf/12.2.0/rv32imac_xw/ilp32\libgcc.a(truncdfsf2.o)
 .riscv.attributes
                0x00000000000007e3       0x2f d:/mounriver_studio/toolchain/risc-v embedded gcc12/bin/../lib/gcc/riscv-none-elf/12.2.0/rv32imac_xw/ilp32\libgcc.a(save-restore.o)
 .riscv.attributes
                0x0000000000000812       0x31 d:/mounriver_studio/toolchain/risc-v embedded gcc12/bin/../lib/gcc/riscv-none-elf/12.2.0/rv32imac_xw/ilp32\libgcc.a(_clzsi2.o)
 .riscv.attributes
                0x0000000000000843       0x31 d:/mounriver_studio/toolchain/risc-v embedded gcc12/bin/../lib/gcc/riscv-none-elf/12.2.0/rv32imac_xw/ilp32\libgcc.a(_clz.o)
 .riscv.attributes
                0x0000000000000874       0x2f d:/mounriver_studio/toolchain/risc-v embedded gcc12/bin/../lib/gcc/riscv-none-elf/12.2.0/../../../../riscv-none-elf/lib/rv32imac_xw/ilp32\libg_nano.a(lib_a-memset.o)
 .riscv.attributes
                0x00000000000008a3       0x31 d:/mounriver_studio/toolchain/risc-v embedded gcc12/bin/../lib/gcc/riscv-none-elf/12.2.0/../../../../riscv-none-elf/lib/rv32imac_xw/ilp32\libg_nano.a(lib_a-printf.o)
 .riscv.attributes
                0x00000000000008d4       0x31 d:/mounriver_studio/toolchain/risc-v embedded gcc12/bin/../lib/gcc/riscv-none-elf/12.2.0/../../../../riscv-none-elf/lib/rv32imac_xw/ilp32\libg_nano.a(lib_a-puts.o)
 .riscv.attributes
                0x0000000000000905       0x31 d:/mounriver_studio/toolchain/risc-v embedded gcc12/bin/../lib/gcc/riscv-none-elf/12.2.0/../../../../riscv-none-elf/lib/rv32imac_xw/ilp32\libg_nano.a(lib_a-rand.o)
 .riscv.attributes
                0x0000000000000936       0x31 d:/mounriver_studio/toolchain/risc-v embedded gcc12/bin/../lib/gcc/riscv-none-elf/12.2.0/../../../../riscv-none-elf/lib/rv32imac_xw/ilp32\libg_nano.a(lib_a-wbuf.o)
 .riscv.attributes
                0x0000000000000967       0x31 d:/mounriver_studio/toolchain/risc-v embedded gcc12/bin/../lib/gcc/riscv-none-elf/12.2.0/../../../../riscv-none-elf/lib/rv32imac_xw/ilp32\libg_nano.a(lib_a-wsetup.o)
 .riscv.attributes
                0x0000000000000998       0x31 d:/mounriver_studio/toolchain/risc-v embedded gcc12/bin/../lib/gcc/riscv-none-elf/12.2.0/../../../../riscv-none-elf/lib/rv32imac_xw/ilp32\libg_nano.a(lib_a-assert.o)
 .riscv.attributes
                0x00000000000009c9       0x31 d:/mounriver_studio/toolchain/risc-v embedded gcc12/bin/../lib/gcc/riscv-none-elf/12.2.0/../../../../riscv-none-elf/lib/rv32imac_xw/ilp32\libg_nano.a(lib_a-fflush.o)
 .riscv.attributes
                0x00000000000009fa       0x31 d:/mounriver_studio/toolchain/risc-v embedded gcc12/bin/../lib/gcc/riscv-none-elf/12.2.0/../../../../riscv-none-elf/lib/rv32imac_xw/ilp32\libg_nano.a(lib_a-findfp.o)
 .riscv.attributes
                0x0000000000000a2b       0x31 d:/mounriver_studio/toolchain/risc-v embedded gcc12/bin/../lib/gcc/riscv-none-elf/12.2.0/../../../../riscv-none-elf/lib/rv32imac_xw/ilp32\libg_nano.a(lib_a-fprintf.o)
 .riscv.attributes
                0x0000000000000a5c       0x31 d:/mounriver_studio/toolchain/risc-v embedded gcc12/bin/../lib/gcc/riscv-none-elf/12.2.0/../../../../riscv-none-elf/lib/rv32imac_xw/ilp32\libg_nano.a(lib_a-fwalk.o)
 .riscv.attributes
                0x0000000000000a8d       0x31 d:/mounriver_studio/toolchain/risc-v embedded gcc12/bin/../lib/gcc/riscv-none-elf/12.2.0/../../../../riscv-none-elf/lib/rv32imac_xw/ilp32\libg_nano.a(lib_a-impure.o)
 .riscv.attributes
                0x0000000000000abe       0x31 d:/mounriver_studio/toolchain/risc-v embedded gcc12/bin/../lib/gcc/riscv-none-elf/12.2.0/../../../../riscv-none-elf/lib/rv32imac_xw/ilp32\libg_nano.a(lib_a-lock.o)
 .riscv.attributes
                0x0000000000000aef       0x31 d:/mounriver_studio/toolchain/risc-v embedded gcc12/bin/../lib/gcc/riscv-none-elf/12.2.0/../../../../riscv-none-elf/lib/rv32imac_xw/ilp32\libg_nano.a(lib_a-makebuf.o)
 .riscv.attributes
                0x0000000000000b20       0x31 d:/mounriver_studio/toolchain/risc-v embedded gcc12/bin/../lib/gcc/riscv-none-elf/12.2.0/../../../../riscv-none-elf/lib/rv32imac_xw/ilp32\libg_nano.a(lib_a-malloc.o)
 .riscv.attributes
                0x0000000000000b51       0x31 d:/mounriver_studio/toolchain/risc-v embedded gcc12/bin/../lib/gcc/riscv-none-elf/12.2.0/../../../../riscv-none-elf/lib/rv32imac_xw/ilp32\libg_nano.a(lib_a-nano-freer.o)
 .riscv.attributes
                0x0000000000000b82       0x31 d:/mounriver_studio/toolchain/risc-v embedded gcc12/bin/../lib/gcc/riscv-none-elf/12.2.0/../../../../riscv-none-elf/lib/rv32imac_xw/ilp32\libg_nano.a(lib_a-nano-mallocr.o)
 .riscv.attributes
                0x0000000000000bb3       0x31 d:/mounriver_studio/toolchain/risc-v embedded gcc12/bin/../lib/gcc/riscv-none-elf/12.2.0/../../../../riscv-none-elf/lib/rv32imac_xw/ilp32\libg_nano.a(lib_a-nano-vfprintf.o)
 .riscv.attributes
                0x0000000000000be4       0x31 d:/mounriver_studio/toolchain/risc-v embedded gcc12/bin/../lib/gcc/riscv-none-elf/12.2.0/../../../../riscv-none-elf/lib/rv32imac_xw/ilp32\libg_nano.a(lib_a-sbrkr.o)
 .riscv.attributes
                0x0000000000000c15       0x31 d:/mounriver_studio/toolchain/risc-v embedded gcc12/bin/../lib/gcc/riscv-none-elf/12.2.0/../../../../riscv-none-elf/lib/rv32imac_xw/ilp32\libg_nano.a(lib_a-stdio.o)
 .riscv.attributes
                0x0000000000000c46       0x31 d:/mounriver_studio/toolchain/risc-v embedded gcc12/bin/../lib/gcc/riscv-none-elf/12.2.0/../../../../riscv-none-elf/lib/rv32imac_xw/ilp32\libg_nano.a(lib_a-writer.o)
 .riscv.attributes
                0x0000000000000c77       0x31 d:/mounriver_studio/toolchain/risc-v embedded gcc12/bin/../lib/gcc/riscv-none-elf/12.2.0/../../../../riscv-none-elf/lib/rv32imac_xw/ilp32\libg_nano.a(lib_a-abort.o)
 .riscv.attributes
                0x0000000000000ca8       0x31 d:/mounriver_studio/toolchain/risc-v embedded gcc12/bin/../lib/gcc/riscv-none-elf/12.2.0/../../../../riscv-none-elf/lib/rv32imac_xw/ilp32\libg_nano.a(lib_a-closer.o)
 .riscv.attributes
                0x0000000000000cd9       0x31 d:/mounriver_studio/toolchain/risc-v embedded gcc12/bin/../lib/gcc/riscv-none-elf/12.2.0/../../../../riscv-none-elf/lib/rv32imac_xw/ilp32\libg_nano.a(lib_a-fstatr.o)
 .riscv.attributes
                0x0000000000000d0a       0x31 d:/mounriver_studio/toolchain/risc-v embedded gcc12/bin/../lib/gcc/riscv-none-elf/12.2.0/../../../../riscv-none-elf/lib/rv32imac_xw/ilp32\libg_nano.a(lib_a-isattyr.o)
 .riscv.attributes
                0x0000000000000d3b       0x31 d:/mounriver_studio/toolchain/risc-v embedded gcc12/bin/../lib/gcc/riscv-none-elf/12.2.0/../../../../riscv-none-elf/lib/rv32imac_xw/ilp32\libg_nano.a(lib_a-lseekr.o)
 .riscv.attributes
                0x0000000000000d6c       0x31 d:/mounriver_studio/toolchain/risc-v embedded gcc12/bin/../lib/gcc/riscv-none-elf/12.2.0/../../../../riscv-none-elf/lib/rv32imac_xw/ilp32\libg_nano.a(lib_a-memchr.o)
 .riscv.attributes
                0x0000000000000d9d       0x31 d:/mounriver_studio/toolchain/risc-v embedded gcc12/bin/../lib/gcc/riscv-none-elf/12.2.0/../../../../riscv-none-elf/lib/rv32imac_xw/ilp32\libg_nano.a(lib_a-mlock.o)
 .riscv.attributes
                0x0000000000000dce       0x31 d:/mounriver_studio/toolchain/risc-v embedded gcc12/bin/../lib/gcc/riscv-none-elf/12.2.0/../../../../riscv-none-elf/lib/rv32imac_xw/ilp32\libg_nano.a(lib_a-nano-vfprintf_i.o)
 .riscv.attributes
                0x0000000000000dff       0x31 d:/mounriver_studio/toolchain/risc-v embedded gcc12/bin/../lib/gcc/riscv-none-elf/12.2.0/../../../../riscv-none-elf/lib/rv32imac_xw/ilp32\libg_nano.a(lib_a-readr.o)
 .riscv.attributes
                0x0000000000000e30       0x31 d:/mounriver_studio/toolchain/risc-v embedded gcc12/bin/../lib/gcc/riscv-none-elf/12.2.0/../../../../riscv-none-elf/lib/rv32imac_xw/ilp32\libg_nano.a(lib_a-reent.o)
 .riscv.attributes
                0x0000000000000e61       0x31 d:/mounriver_studio/toolchain/risc-v embedded gcc12/bin/../lib/gcc/riscv-none-elf/12.2.0/../../../../riscv-none-elf/lib/rv32imac_xw/ilp32\libg_nano.a(lib_a-signal.o)
 .riscv.attributes
                0x0000000000000e92       0x31 d:/mounriver_studio/toolchain/risc-v embedded gcc12/bin/../lib/gcc/riscv-none-elf/12.2.0/../../../../riscv-none-elf/lib/rv32imac_xw/ilp32\libg_nano.a(lib_a-signalr.o)
 .riscv.attributes
                0x0000000000000ec3       0x31 d:/mounriver_studio/toolchain/risc-v embedded gcc12/bin/../lib/gcc/riscv-none-elf/12.2.0/../../../../riscv-none-elf/lib/rv32imac_xw/ilp32\libnosys.a(close.o)
 .riscv.attributes
                0x0000000000000ef4       0x31 d:/mounriver_studio/toolchain/risc-v embedded gcc12/bin/../lib/gcc/riscv-none-elf/12.2.0/../../../../riscv-none-elf/lib/rv32imac_xw/ilp32\libnosys.a(fstat.o)
 .riscv.attributes
                0x0000000000000f25       0x31 d:/mounriver_studio/toolchain/risc-v embedded gcc12/bin/../lib/gcc/riscv-none-elf/12.2.0/../../../../riscv-none-elf/lib/rv32imac_xw/ilp32\libnosys.a(getpid.o)
 .riscv.attributes
                0x0000000000000f56       0x31 d:/mounriver_studio/toolchain/risc-v embedded gcc12/bin/../lib/gcc/riscv-none-elf/12.2.0/../../../../riscv-none-elf/lib/rv32imac_xw/ilp32\libnosys.a(isatty.o)
 .riscv.attributes
                0x0000000000000f87       0x31 d:/mounriver_studio/toolchain/risc-v embedded gcc12/bin/../lib/gcc/riscv-none-elf/12.2.0/../../../../riscv-none-elf/lib/rv32imac_xw/ilp32\libnosys.a(kill.o)
 .riscv.attributes
                0x0000000000000fb8       0x31 d:/mounriver_studio/toolchain/risc-v embedded gcc12/bin/../lib/gcc/riscv-none-elf/12.2.0/../../../../riscv-none-elf/lib/rv32imac_xw/ilp32\libnosys.a(lseek.o)
 .riscv.attributes
                0x0000000000000fe9       0x31 d:/mounriver_studio/toolchain/risc-v embedded gcc12/bin/../lib/gcc/riscv-none-elf/12.2.0/../../../../riscv-none-elf/lib/rv32imac_xw/ilp32\libnosys.a(read.o)
 .riscv.attributes
                0x000000000000101a       0x31 d:/mounriver_studio/toolchain/risc-v embedded gcc12/bin/../lib/gcc/riscv-none-elf/12.2.0/../../../../riscv-none-elf/lib/rv32imac_xw/ilp32\libnosys.a(_exit.o)

.comment        0x0000000000000000       0x31
 .comment       0x0000000000000000       0x31 ./wch_sdk/Peripheral/src/ch32v20x_adc.o
                                         0x32 (size before relaxing)
 .comment       0x0000000000000031       0x32 ./wch_sdk/Peripheral/src/ch32v20x_dma.o
 .comment       0x0000000000000031       0x32 ./wch_sdk/Peripheral/src/ch32v20x_exti.o
 .comment       0x0000000000000031       0x32 ./wch_sdk/Peripheral/src/ch32v20x_gpio.o
 .comment       0x0000000000000031       0x32 ./wch_sdk/Peripheral/src/ch32v20x_iwdg.o
 .comment       0x0000000000000031       0x32 ./wch_sdk/Peripheral/src/ch32v20x_rcc.o
 .comment       0x0000000000000031       0x32 ./wch_sdk/Peripheral/src/ch32v20x_tim.o
 .comment       0x0000000000000031       0x32 ./wch_sdk/Peripheral/src/ch32v20x_usart.o
 .comment       0x0000000000000031       0x32 ./wch_sdk/Debug/debug.o
 .comment       0x0000000000000031       0x32 ./wch_sdk/Core/core_riscv.o
 .comment       0x0000000000000031       0x32 ./user/ch32v20x_it.o
 .comment       0x0000000000000031       0x32 ./user/main.o
 .comment       0x0000000000000031       0x32 ./user/system_ch32v20x.o
 .comment       0x0000000000000031       0x32 ./bldc_software/control.o
 .comment       0x0000000000000031       0x32 ./bldc_software/motor.o
 .comment       0x0000000000000031       0x32 ./bldc_hardware/operational_amplifier.o
 .comment       0x0000000000000031       0x32 ./bldc_hardware/pwm_input.o
 .comment       0x0000000000000031       0x32 ./bldc_hardware/pwm_output.o
 .comment       0x0000000000000031       0x32 ./addition_software/seekfree_assistant.o
 .comment       0x0000000000000031       0x32 ./addition_software/seekfree_assistant_interface.o
 .comment       0x0000000000000031       0x32 ./addition_hardware/battery.o
 .comment       0x0000000000000031       0x32 ./addition_hardware/delay.o
 .comment       0x0000000000000031       0x32 ./addition_hardware/iwdg.o
 .comment       0x0000000000000031       0x32 ./addition_hardware/led.o
 .comment       0x0000000000000031       0x32 ./addition_hardware/usart.o
 .comment       0x0000000000000031       0x32 d:/mounriver_studio/toolchain/risc-v embedded gcc12/bin/../lib/gcc/riscv-none-elf/12.2.0/rv32imac_xw/ilp32\libgcc.a(divdf3.o)
 .comment       0x0000000000000031       0x32 d:/mounriver_studio/toolchain/risc-v embedded gcc12/bin/../lib/gcc/riscv-none-elf/12.2.0/rv32imac_xw/ilp32\libgcc.a(muldf3.o)
 .comment       0x0000000000000031       0x32 d:/mounriver_studio/toolchain/risc-v embedded gcc12/bin/../lib/gcc/riscv-none-elf/12.2.0/rv32imac_xw/ilp32\libgcc.a(fixunsdfsi.o)
 .comment       0x0000000000000031       0x32 d:/mounriver_studio/toolchain/risc-v embedded gcc12/bin/../lib/gcc/riscv-none-elf/12.2.0/rv32imac_xw/ilp32\libgcc.a(floatunsidf.o)
 .comment       0x0000000000000031       0x32 d:/mounriver_studio/toolchain/risc-v embedded gcc12/bin/../lib/gcc/riscv-none-elf/12.2.0/rv32imac_xw/ilp32\libgcc.a(addsf3.o)
 .comment       0x0000000000000031       0x32 d:/mounriver_studio/toolchain/risc-v embedded gcc12/bin/../lib/gcc/riscv-none-elf/12.2.0/rv32imac_xw/ilp32\libgcc.a(divsf3.o)
 .comment       0x0000000000000031       0x32 d:/mounriver_studio/toolchain/risc-v embedded gcc12/bin/../lib/gcc/riscv-none-elf/12.2.0/rv32imac_xw/ilp32\libgcc.a(gesf2.o)
 .comment       0x0000000000000031       0x32 d:/mounriver_studio/toolchain/risc-v embedded gcc12/bin/../lib/gcc/riscv-none-elf/12.2.0/rv32imac_xw/ilp32\libgcc.a(lesf2.o)
 .comment       0x0000000000000031       0x32 d:/mounriver_studio/toolchain/risc-v embedded gcc12/bin/../lib/gcc/riscv-none-elf/12.2.0/rv32imac_xw/ilp32\libgcc.a(mulsf3.o)
 .comment       0x0000000000000031       0x32 d:/mounriver_studio/toolchain/risc-v embedded gcc12/bin/../lib/gcc/riscv-none-elf/12.2.0/rv32imac_xw/ilp32\libgcc.a(subsf3.o)
 .comment       0x0000000000000031       0x32 d:/mounriver_studio/toolchain/risc-v embedded gcc12/bin/../lib/gcc/riscv-none-elf/12.2.0/rv32imac_xw/ilp32\libgcc.a(fixsfsi.o)
 .comment       0x0000000000000031       0x32 d:/mounriver_studio/toolchain/risc-v embedded gcc12/bin/../lib/gcc/riscv-none-elf/12.2.0/rv32imac_xw/ilp32\libgcc.a(floatsisf.o)
 .comment       0x0000000000000031       0x32 d:/mounriver_studio/toolchain/risc-v embedded gcc12/bin/../lib/gcc/riscv-none-elf/12.2.0/rv32imac_xw/ilp32\libgcc.a(floatunsisf.o)
 .comment       0x0000000000000031       0x32 d:/mounriver_studio/toolchain/risc-v embedded gcc12/bin/../lib/gcc/riscv-none-elf/12.2.0/rv32imac_xw/ilp32\libgcc.a(extendsfdf2.o)
 .comment       0x0000000000000031       0x32 d:/mounriver_studio/toolchain/risc-v embedded gcc12/bin/../lib/gcc/riscv-none-elf/12.2.0/rv32imac_xw/ilp32\libgcc.a(truncdfsf2.o)
 .comment       0x0000000000000031       0x32 d:/mounriver_studio/toolchain/risc-v embedded gcc12/bin/../lib/gcc/riscv-none-elf/12.2.0/rv32imac_xw/ilp32\libgcc.a(_clzsi2.o)
 .comment       0x0000000000000031       0x32 d:/mounriver_studio/toolchain/risc-v embedded gcc12/bin/../lib/gcc/riscv-none-elf/12.2.0/rv32imac_xw/ilp32\libgcc.a(_clz.o)
 .comment       0x0000000000000031       0x32 d:/mounriver_studio/toolchain/risc-v embedded gcc12/bin/../lib/gcc/riscv-none-elf/12.2.0/../../../../riscv-none-elf/lib/rv32imac_xw/ilp32\libg_nano.a(lib_a-printf.o)
 .comment       0x0000000000000031       0x32 d:/mounriver_studio/toolchain/risc-v embedded gcc12/bin/../lib/gcc/riscv-none-elf/12.2.0/../../../../riscv-none-elf/lib/rv32imac_xw/ilp32\libg_nano.a(lib_a-puts.o)
 .comment       0x0000000000000031       0x32 d:/mounriver_studio/toolchain/risc-v embedded gcc12/bin/../lib/gcc/riscv-none-elf/12.2.0/../../../../riscv-none-elf/lib/rv32imac_xw/ilp32\libg_nano.a(lib_a-rand.o)
 .comment       0x0000000000000031       0x32 d:/mounriver_studio/toolchain/risc-v embedded gcc12/bin/../lib/gcc/riscv-none-elf/12.2.0/../../../../riscv-none-elf/lib/rv32imac_xw/ilp32\libg_nano.a(lib_a-wbuf.o)
 .comment       0x0000000000000031       0x32 d:/mounriver_studio/toolchain/risc-v embedded gcc12/bin/../lib/gcc/riscv-none-elf/12.2.0/../../../../riscv-none-elf/lib/rv32imac_xw/ilp32\libg_nano.a(lib_a-wsetup.o)
 .comment       0x0000000000000031       0x32 d:/mounriver_studio/toolchain/risc-v embedded gcc12/bin/../lib/gcc/riscv-none-elf/12.2.0/../../../../riscv-none-elf/lib/rv32imac_xw/ilp32\libg_nano.a(lib_a-assert.o)
 .comment       0x0000000000000031       0x32 d:/mounriver_studio/toolchain/risc-v embedded gcc12/bin/../lib/gcc/riscv-none-elf/12.2.0/../../../../riscv-none-elf/lib/rv32imac_xw/ilp32\libg_nano.a(lib_a-fflush.o)
 .comment       0x0000000000000031       0x32 d:/mounriver_studio/toolchain/risc-v embedded gcc12/bin/../lib/gcc/riscv-none-elf/12.2.0/../../../../riscv-none-elf/lib/rv32imac_xw/ilp32\libg_nano.a(lib_a-findfp.o)
 .comment       0x0000000000000031       0x32 d:/mounriver_studio/toolchain/risc-v embedded gcc12/bin/../lib/gcc/riscv-none-elf/12.2.0/../../../../riscv-none-elf/lib/rv32imac_xw/ilp32\libg_nano.a(lib_a-fprintf.o)
 .comment       0x0000000000000031       0x32 d:/mounriver_studio/toolchain/risc-v embedded gcc12/bin/../lib/gcc/riscv-none-elf/12.2.0/../../../../riscv-none-elf/lib/rv32imac_xw/ilp32\libg_nano.a(lib_a-fwalk.o)
 .comment       0x0000000000000031       0x32 d:/mounriver_studio/toolchain/risc-v embedded gcc12/bin/../lib/gcc/riscv-none-elf/12.2.0/../../../../riscv-none-elf/lib/rv32imac_xw/ilp32\libg_nano.a(lib_a-impure.o)
 .comment       0x0000000000000031       0x32 d:/mounriver_studio/toolchain/risc-v embedded gcc12/bin/../lib/gcc/riscv-none-elf/12.2.0/../../../../riscv-none-elf/lib/rv32imac_xw/ilp32\libg_nano.a(lib_a-lock.o)
 .comment       0x0000000000000031       0x32 d:/mounriver_studio/toolchain/risc-v embedded gcc12/bin/../lib/gcc/riscv-none-elf/12.2.0/../../../../riscv-none-elf/lib/rv32imac_xw/ilp32\libg_nano.a(lib_a-makebuf.o)
 .comment       0x0000000000000031       0x32 d:/mounriver_studio/toolchain/risc-v embedded gcc12/bin/../lib/gcc/riscv-none-elf/12.2.0/../../../../riscv-none-elf/lib/rv32imac_xw/ilp32\libg_nano.a(lib_a-malloc.o)
 .comment       0x0000000000000031       0x32 d:/mounriver_studio/toolchain/risc-v embedded gcc12/bin/../lib/gcc/riscv-none-elf/12.2.0/../../../../riscv-none-elf/lib/rv32imac_xw/ilp32\libg_nano.a(lib_a-nano-freer.o)
 .comment       0x0000000000000031       0x32 d:/mounriver_studio/toolchain/risc-v embedded gcc12/bin/../lib/gcc/riscv-none-elf/12.2.0/../../../../riscv-none-elf/lib/rv32imac_xw/ilp32\libg_nano.a(lib_a-nano-mallocr.o)
 .comment       0x0000000000000031       0x32 d:/mounriver_studio/toolchain/risc-v embedded gcc12/bin/../lib/gcc/riscv-none-elf/12.2.0/../../../../riscv-none-elf/lib/rv32imac_xw/ilp32\libg_nano.a(lib_a-nano-vfprintf.o)
 .comment       0x0000000000000031       0x32 d:/mounriver_studio/toolchain/risc-v embedded gcc12/bin/../lib/gcc/riscv-none-elf/12.2.0/../../../../riscv-none-elf/lib/rv32imac_xw/ilp32\libg_nano.a(lib_a-sbrkr.o)
 .comment       0x0000000000000031       0x32 d:/mounriver_studio/toolchain/risc-v embedded gcc12/bin/../lib/gcc/riscv-none-elf/12.2.0/../../../../riscv-none-elf/lib/rv32imac_xw/ilp32\libg_nano.a(lib_a-stdio.o)
 .comment       0x0000000000000031       0x32 d:/mounriver_studio/toolchain/risc-v embedded gcc12/bin/../lib/gcc/riscv-none-elf/12.2.0/../../../../riscv-none-elf/lib/rv32imac_xw/ilp32\libg_nano.a(lib_a-writer.o)
 .comment       0x0000000000000031       0x32 d:/mounriver_studio/toolchain/risc-v embedded gcc12/bin/../lib/gcc/riscv-none-elf/12.2.0/../../../../riscv-none-elf/lib/rv32imac_xw/ilp32\libg_nano.a(lib_a-abort.o)
 .comment       0x0000000000000031       0x32 d:/mounriver_studio/toolchain/risc-v embedded gcc12/bin/../lib/gcc/riscv-none-elf/12.2.0/../../../../riscv-none-elf/lib/rv32imac_xw/ilp32\libg_nano.a(lib_a-closer.o)
 .comment       0x0000000000000031       0x32 d:/mounriver_studio/toolchain/risc-v embedded gcc12/bin/../lib/gcc/riscv-none-elf/12.2.0/../../../../riscv-none-elf/lib/rv32imac_xw/ilp32\libg_nano.a(lib_a-fstatr.o)
 .comment       0x0000000000000031       0x32 d:/mounriver_studio/toolchain/risc-v embedded gcc12/bin/../lib/gcc/riscv-none-elf/12.2.0/../../../../riscv-none-elf/lib/rv32imac_xw/ilp32\libg_nano.a(lib_a-isattyr.o)
 .comment       0x0000000000000031       0x32 d:/mounriver_studio/toolchain/risc-v embedded gcc12/bin/../lib/gcc/riscv-none-elf/12.2.0/../../../../riscv-none-elf/lib/rv32imac_xw/ilp32\libg_nano.a(lib_a-lseekr.o)
 .comment       0x0000000000000031       0x32 d:/mounriver_studio/toolchain/risc-v embedded gcc12/bin/../lib/gcc/riscv-none-elf/12.2.0/../../../../riscv-none-elf/lib/rv32imac_xw/ilp32\libg_nano.a(lib_a-memchr.o)
 .comment       0x0000000000000031       0x32 d:/mounriver_studio/toolchain/risc-v embedded gcc12/bin/../lib/gcc/riscv-none-elf/12.2.0/../../../../riscv-none-elf/lib/rv32imac_xw/ilp32\libg_nano.a(lib_a-mlock.o)
 .comment       0x0000000000000031       0x32 d:/mounriver_studio/toolchain/risc-v embedded gcc12/bin/../lib/gcc/riscv-none-elf/12.2.0/../../../../riscv-none-elf/lib/rv32imac_xw/ilp32\libg_nano.a(lib_a-nano-vfprintf_i.o)
 .comment       0x0000000000000031       0x32 d:/mounriver_studio/toolchain/risc-v embedded gcc12/bin/../lib/gcc/riscv-none-elf/12.2.0/../../../../riscv-none-elf/lib/rv32imac_xw/ilp32\libg_nano.a(lib_a-readr.o)
 .comment       0x0000000000000031       0x32 d:/mounriver_studio/toolchain/risc-v embedded gcc12/bin/../lib/gcc/riscv-none-elf/12.2.0/../../../../riscv-none-elf/lib/rv32imac_xw/ilp32\libg_nano.a(lib_a-reent.o)
 .comment       0x0000000000000031       0x32 d:/mounriver_studio/toolchain/risc-v embedded gcc12/bin/../lib/gcc/riscv-none-elf/12.2.0/../../../../riscv-none-elf/lib/rv32imac_xw/ilp32\libg_nano.a(lib_a-signal.o)